Archive member included to satisfy reference by file (symbol)

c:/progra~2/gnuarm~1/102021~1.10/bin/../lib/gcc/arm-none-eabi/10.3.1/thumb/v6-m/nofp\libgcc.a(_dvmd_tls.o)
                              CMakeFiles/main.dir/C_/Users/USER/Documents/Pico-v1.5.1/pico-sdk/src/rp2_common/pico_divider/divider.S.obj (__aeabi_idiv0)
c:/progra~2/gnuarm~1/102021~1.10/bin/../lib/gcc/arm-none-eabi/10.3.1/../../../../arm-none-eabi/lib/thumb/v6-m/nofp\libc.a(lib_a-calloc.o)
                              CMakeFiles/main.dir/C_/Users/USER/Documents/Pico-v1.5.1/pico-sdk/src/rp2_common/pico_malloc/pico_malloc.c.obj (calloc)
c:/progra~2/gnuarm~1/102021~1.10/bin/../lib/gcc/arm-none-eabi/10.3.1/../../../../arm-none-eabi/lib/thumb/v6-m/nofp\libc.a(lib_a-callocr.o)
                              c:/progra~2/gnuarm~1/102021~1.10/bin/../lib/gcc/arm-none-eabi/10.3.1/../../../../arm-none-eabi/lib/thumb/v6-m/nofp\libc.a(lib_a-calloc.o) (_calloc_r)
c:/progra~2/gnuarm~1/102021~1.10/bin/../lib/gcc/arm-none-eabi/10.3.1/../../../../arm-none-eabi/lib/thumb/v6-m/nofp\libc.a(lib_a-errno.o)
                              c:/progra~2/gnuarm~1/102021~1.10/bin/../lib/gcc/arm-none-eabi/10.3.1/../../../../arm-none-eabi/lib/thumb/v6-m/nofp\libc.a(lib_a-callocr.o) (__errno)
c:/progra~2/gnuarm~1/102021~1.10/bin/../lib/gcc/arm-none-eabi/10.3.1/../../../../arm-none-eabi/lib/thumb/v6-m/nofp\libc.a(lib_a-fflush.o)
                              CMakeFiles/main.dir/main.c.obj (fflush)
c:/progra~2/gnuarm~1/102021~1.10/bin/../lib/gcc/arm-none-eabi/10.3.1/../../../../arm-none-eabi/lib/thumb/v6-m/nofp\libc.a(lib_a-findfp.o)
                              c:/progra~2/gnuarm~1/102021~1.10/bin/../lib/gcc/arm-none-eabi/10.3.1/../../../../arm-none-eabi/lib/thumb/v6-m/nofp\libc.a(lib_a-fflush.o) (__sinit)
c:/progra~2/gnuarm~1/102021~1.10/bin/../lib/gcc/arm-none-eabi/10.3.1/../../../../arm-none-eabi/lib/thumb/v6-m/nofp\libc.a(lib_a-freer.o)
                              c:/progra~2/gnuarm~1/102021~1.10/bin/../lib/gcc/arm-none-eabi/10.3.1/../../../../arm-none-eabi/lib/thumb/v6-m/nofp\libc.a(lib_a-fflush.o) (_free_r)
c:/progra~2/gnuarm~1/102021~1.10/bin/../lib/gcc/arm-none-eabi/10.3.1/../../../../arm-none-eabi/lib/thumb/v6-m/nofp\libc.a(lib_a-fwalk.o)
                              c:/progra~2/gnuarm~1/102021~1.10/bin/../lib/gcc/arm-none-eabi/10.3.1/../../../../arm-none-eabi/lib/thumb/v6-m/nofp\libc.a(lib_a-findfp.o) (_fwalk)
c:/progra~2/gnuarm~1/102021~1.10/bin/../lib/gcc/arm-none-eabi/10.3.1/../../../../arm-none-eabi/lib/thumb/v6-m/nofp\libc.a(lib_a-impure.o)
                              c:/progra~2/gnuarm~1/102021~1.10/bin/../lib/gcc/arm-none-eabi/10.3.1/../../../../arm-none-eabi/lib/thumb/v6-m/nofp\libc.a(lib_a-fflush.o) (_global_impure_ptr)
c:/progra~2/gnuarm~1/102021~1.10/bin/../lib/gcc/arm-none-eabi/10.3.1/../../../../arm-none-eabi/lib/thumb/v6-m/nofp\libc.a(lib_a-init.o)
                              c:/progra~2/gnuarm~1/102021~1.10/bin/../lib/gcc/arm-none-eabi/10.3.1/../../../../arm-none-eabi/lib/thumb/v6-m/nofp/crt0.o (__libc_init_array)
c:/progra~2/gnuarm~1/102021~1.10/bin/../lib/gcc/arm-none-eabi/10.3.1/../../../../arm-none-eabi/lib/thumb/v6-m/nofp\libc.a(lib_a-lock.o)
                              c:/progra~2/gnuarm~1/102021~1.10/bin/../lib/gcc/arm-none-eabi/10.3.1/../../../../arm-none-eabi/lib/thumb/v6-m/nofp\libc.a(lib_a-findfp.o) (__retarget_lock_init_recursive)
c:/progra~2/gnuarm~1/102021~1.10/bin/../lib/gcc/arm-none-eabi/10.3.1/../../../../arm-none-eabi/lib/thumb/v6-m/nofp\libc.a(lib_a-malloc.o)
                              CMakeFiles/main.dir/C_/Users/USER/Documents/Pico-v1.5.1/pico-sdk/src/rp2_common/pico_malloc/pico_malloc.c.obj (malloc)
c:/progra~2/gnuarm~1/102021~1.10/bin/../lib/gcc/arm-none-eabi/10.3.1/../../../../arm-none-eabi/lib/thumb/v6-m/nofp\libc.a(lib_a-mallocr.o)
                              c:/progra~2/gnuarm~1/102021~1.10/bin/../lib/gcc/arm-none-eabi/10.3.1/../../../../arm-none-eabi/lib/thumb/v6-m/nofp\libc.a(lib_a-callocr.o) (_malloc_r)
c:/progra~2/gnuarm~1/102021~1.10/bin/../lib/gcc/arm-none-eabi/10.3.1/../../../../arm-none-eabi/lib/thumb/v6-m/nofp\libc.a(lib_a-mlock.o)
                              c:/progra~2/gnuarm~1/102021~1.10/bin/../lib/gcc/arm-none-eabi/10.3.1/../../../../arm-none-eabi/lib/thumb/v6-m/nofp\libc.a(lib_a-freer.o) (__malloc_lock)
c:/progra~2/gnuarm~1/102021~1.10/bin/../lib/gcc/arm-none-eabi/10.3.1/../../../../arm-none-eabi/lib/thumb/v6-m/nofp\libc.a(lib_a-realloc.o)
                              CMakeFiles/main.dir/C_/Users/USER/Documents/Pico-v1.5.1/pico-sdk/src/rp2_common/pico_malloc/pico_malloc.c.obj (realloc)
c:/progra~2/gnuarm~1/102021~1.10/bin/../lib/gcc/arm-none-eabi/10.3.1/../../../../arm-none-eabi/lib/thumb/v6-m/nofp\libc.a(lib_a-reallocr.o)
                              c:/progra~2/gnuarm~1/102021~1.10/bin/../lib/gcc/arm-none-eabi/10.3.1/../../../../arm-none-eabi/lib/thumb/v6-m/nofp\libc.a(lib_a-realloc.o) (_realloc_r)
[...]
Memory Configuration

Name             Origin             Length             Attributes
FLASH            0x10000000         0x00200000         xr
RAM              0x20000000         0x00040000         xrw
SCRATCH_X        0x20040000         0x00001000         xrw
SCRATCH_Y        0x20041000         0x00001000         xrw
*default*        0x00000000         0xffffffff

Linker script and memory map

LOAD c:/progra~2/gnuarm~1/102021~1.10/bin/../lib/gcc/arm-none-eabi/10.3.1/thumb/v6-m/nofp/crti.o
LOAD c:/progra~2/gnuarm~1/102021~1.10/bin/../lib/gcc/arm-none-eabi/10.3.1/thumb/v6-m/nofp/crtbegin.o
LOAD c:/progra~2/gnuarm~1/102021~1.10/bin/../lib/gcc/arm-none-eabi/10.3.1/../../../../arm-none-eabi/lib/thumb/v6-m/nofp/crt0.o

.flash_begin    0x10000000        0x0
                0x10000000                __flash_binary_start = .

.boot2          0x10000000      0x100
                0x10000000                __boot2_start__ = .
 *(.boot2)
 .boot2         0x10000000      0x100 C:\Users\USER\AppData\Local\Temp\cc09uTPt.o
                0x10000100                __boot2_end__ = .
                0x00000001                ASSERT (((__boot2_end__ - __boot2_start__) == 0x100), ERROR: Pico second stage bootloader must be 256 bytes in size)

.text           0x10000100     0x4f48
                0x10000100                __logical_binary_start = .
 *(.vectors)
 .vectors       0x10000100       0xd4 CMakeFiles/main.dir/C_/Users/USER/Documents/Pico-v1.5.1/pico-sdk/src/rp2_common/pico_standard_link/crt0.S.obj
                0x10000100                __VECTOR_TABLE
                0x10000100                __vectors
                0x100001c0                isr_invalid
                0x100001c0                __default_isrs_start
                0x100001c2                isr_nmi
                0x100001c4                isr_hardfault
                0x100001c6                isr_svcall
                0x100001c8                isr_pendsv
                0x100001ca                isr_systick
                0x100001cc                isr_irq23
                0x100001cc                isr_irq18
                0x100001cc                isr_irq11
                0x100001cc                isr_irq28
                0x100001cc                isr_irq19
                0x100001cc                isr_irq0
                0x100001cc                isr_irq6
                0x100001cc                isr_irq5
                0x100001cc                isr_irq12
                0x100001cc                isr_irq22
                0x100001cc                isr_irq31
                0x100001cc                isr_irq17
                0x100001cc                isr_irq27
                0x100001cc                isr_irq30
                0x100001cc                isr_irq2
                0x100001cc                isr_irq10
                0x100001cc                isr_irq8
                0x100001cc                isr_irq24
                0x100001cc                isr_irq1
                0x100001cc                isr_irq7
                0x100001cc                isr_irq21
                0x100001cc                isr_irq20
                0x100001cc                isr_irq15
                0x100001cc                isr_irq25
                0x100001cc                isr_irq13
                0x100001cc                __unhandled_user_irq
                0x100001cc                isr_irq4
                0x100001cc                isr_irq16
                0x100001cc                isr_irq29
                0x100001cc                isr_irq26
                0x100001cc                __default_isrs_end
                0x100001cc                isr_irq3
                0x100001cc                isr_irq14
                0x100001cc                isr_irq9
                0x100001d2                unhandled_user_irq_num_in_r0
 *(.binary_info_header)
 .binary_info_header
                0x100001d4       0x14 CMakeFiles/main.dir/C_/Users/USER/Documents/Pico-v1.5.1/pico-sdk/src/rp2_common/pico_standard_link/crt0.S.obj
                0x100001e8                __binary_info_header_end = .
 *(.reset)
 .reset         0x100001e8       0xa0 CMakeFiles/main.dir/C_/Users/USER/Documents/Pico-v1.5.1/pico-sdk/src/rp2_common/pico_standard_link/crt0.S.obj
                0x100001e8                _entry_point
 .reset         0x10000288       0x30 CMakeFiles/main.dir/C_/Users/USER/Documents/Pico-v1.5.1/pico-sdk/src/rp2_common/pico_standard_link/binary_info.c.obj
 *(.init)
 .init          0x100002b8        0x4 c:/progra~2/gnuarm~1/102021~1.10/bin/../lib/gcc/arm-none-eabi/10.3.1/thumb/v6-m/nofp/crti.o
                0x100002b8                _init
 *(EXCLUDE_FILE(*libm.a: *libc.a:*lib_a-mem*.o *libgcc.a:) .text*)
 .text          0x100002bc       0x48 c:/progra~2/gnuarm~1/102021~1.10/bin/../lib/gcc/arm-none-eabi/10.3.1/thumb/v6-m/nofp/crtbegin.o
 .text.startup.main
                0x10000304       0xf4 CMakeFiles/main.dir/main.c.obj
                0x10000304                main
 .text.gpio_set_function
                0x100003f8       0x30 CMakeFiles/main.dir/C_/Users/USER/Documents/Pico-v1.5.1/pico-sdk/src/rp2_common/hardware_gpio/gpio.c.obj
                0x100003f8                gpio_set_function
 .text.gpio_set_pulls
                0x10000428       0x30 CMakeFiles/main.dir/C_/Users/USER/Documents/Pico-v1.5.1/pico-sdk/src/rp2_common/hardware_gpio/gpio.c.obj
                0x10000428                gpio_set_pulls
 .text.gpio_init
                0x10000458       0x3c CMakeFiles/main.dir/C_/Users/USER/Documents/Pico-v1.5.1/pico-sdk/src/rp2_common/hardware_gpio/gpio.c.obj
                0x10000458                gpio_init
 .text.running_on_fpga
                0x10000494       0x10 CMakeFiles/main.dir/C_/Users/USER/Documents/Pico-v1.5.1/pico-sdk/src/rp2_common/pico_platform/platform.c.obj
                0x10000494                running_on_fpga
 .text.hw_claim_or_assert
                0x100004a4       0x44 CMakeFiles/main.dir/C_/Users/USER/Documents/Pico-v1.5.1/pico-sdk/src/rp2_common/hardware_claim/claim.c.obj
                0x100004a4                hw_claim_or_assert
 .text.spin_locks_reset
                0x100004e8       0x1c CMakeFiles/main.dir/C_/Users/USER/Documents/Pico-v1.5.1/pico-sdk/src/rp2_common/hardware_sync/sync.c.obj
                0x100004e8                spin_locks_reset
 .text.next_striped_spin_lock_num
                0x10000504       0x18 CMakeFiles/main.dir/C_/Users/USER/Documents/Pico-v1.5.1/pico-sdk/src/rp2_common/hardware_sync/sync.c.obj
                0x10000504                next_striped_spin_lock_num
 .text.irq_set_enabled
                0x1000051c       0x24 CMakeFiles/main.dir/C_/Users/USER/Documents/Pico-v1.5.1/pico-sdk/src/rp2_common/hardware_irq/irq.c.obj
                0x1000051c                irq_set_enabled
 .text.irq_get_vtable_handler
                0x10000540       0x10 CMakeFiles/main.dir/C_/Users/USER/Documents/Pico-v1.5.1/pico-sdk/src/rp2_common/hardware_irq/irq.c.obj
                0x10000540                irq_get_vtable_handler
 .text.irq_set_exclusive_handler
                0x10000550       0x54 CMakeFiles/main.dir/C_/Users/USER/Documents/Pico-v1.5.1/pico-sdk/src/rp2_common/hardware_irq/irq.c.obj
                0x10000550                irq_set_exclusive_handler
 .text.irq_remove_handler
                0x100005a4      0x1b0 CMakeFiles/main.dir/C_/Users/USER/Documents/Pico-v1.5.1/pico-sdk/src/rp2_common/hardware_irq/irq.c.obj
                0x100005a4                irq_remove_handler
 .text.irq_add_tail_to_free_list
                0x10000754       0xb4 CMakeFiles/main.dir/C_/Users/USER/Documents/Pico-v1.5.1/pico-sdk/src/rp2_common/hardware_irq/irq.c.obj
                0x10000754                irq_add_tail_to_free_list
 .text.irq_init_priorities
                0x10000808       0x24 CMakeFiles/main.dir/C_/Users/USER/Documents/Pico-v1.5.1/pico-sdk/src/rp2_common/hardware_irq/irq.c.obj
                0x10000808                irq_init_priorities
 .text.lock_init
                0x1000082c       0x10 CMakeFiles/main.dir/C_/Users/USER/Documents/Pico-v1.5.1/pico-sdk/src/common/pico_sync/lock_core.c.obj
                0x1000082c                lock_init
 .text.mutex_init
                0x1000083c       0x1c CMakeFiles/main.dir/C_/Users/USER/Documents/Pico-v1.5.1/pico-sdk/src/common/pico_sync/mutex.c.obj
                0x1000083c                mutex_init
 .text.recursive_mutex_init
                0x10000858       0x1c CMakeFiles/main.dir/C_/Users/USER/Documents/Pico-v1.5.1/pico-sdk/src/common/pico_sync/mutex.c.obj
                0x10000858                recursive_mutex_init
 .text.timer_pool_entry_comparator
                0x10000874       0x34 CMakeFiles/main.dir/C_/Users/USER/Documents/Pico-v1.5.1/pico-sdk/src/common/pico_time/time.c.obj
                0x10000874                timer_pool_entry_comparator
 .text.sleep_until_callback
                0x100008a8       0x30 CMakeFiles/main.dir/C_/Users/USER/Documents/Pico-v1.5.1/pico-sdk/src/common/pico_time/time.c.obj
 .text.add_alarm_under_lock.isra.0
                0x100008d8      0x100 CMakeFiles/main.dir/C_/Users/USER/Documents/Pico-v1.5.1/pico-sdk/src/common/pico_time/time.c.obj
 .text.alarm_pool_alarm_callback
                0x100009d8      0x1bc CMakeFiles/main.dir/C_/Users/USER/Documents/Pico-v1.5.1/pico-sdk/src/common/pico_time/time.c.obj
 .text.alarm_pool_init_default
                0x10000b94       0x6c CMakeFiles/main.dir/C_/Users/USER/Documents/Pico-v1.5.1/pico-sdk/src/common/pico_time/time.c.obj
                0x10000b94                alarm_pool_init_default
 .text.alarm_pool_add_alarm_at
                0x10000c00      0x178 CMakeFiles/main.dir/C_/Users/USER/Documents/Pico-v1.5.1/pico-sdk/src/common/pico_time/time.c.obj
                0x10000c00                alarm_pool_add_alarm_at
 .text.sleep_until
                0x10000d78       0xc4 CMakeFiles/main.dir/C_/Users/USER/Documents/Pico-v1.5.1/pico-sdk/src/common/pico_time/time.c.obj
                0x10000d78                sleep_until
 .text.best_effort_wfe_or_timeout
                0x10000e3c       0xd4 CMakeFiles/main.dir/C_/Users/USER/Documents/Pico-v1.5.1/pico-sdk/src/common/pico_time/time.c.obj
                0x10000e3c                best_effort_wfe_or_timeout
 .text.hardware_alarm_irq_handler
                0x10000f10       0xbc CMakeFiles/main.dir/C_/Users/USER/Documents/Pico-v1.5.1/pico-sdk/src/rp2_common/hardware_timer/timer.c.obj
 .text.hardware_alarm_claim
                0x10000fcc       0x18 CMakeFiles/main.dir/C_/Users/USER/Documents/Pico-v1.5.1/pico-sdk/src/rp2_common/hardware_timer/timer.c.obj
                0x10000fcc                hardware_alarm_claim
 .text.time_us_64
                0x10000fe4       0x14 CMakeFiles/main.dir/C_/Users/USER/Documents/Pico-v1.5.1/pico-sdk/src/rp2_common/hardware_timer/timer.c.obj
                0x10000fe4                time_us_64
 .text.busy_wait_us
                0x10000ff8       0x54 CMakeFiles/main.dir/C_/Users/USER/Documents/Pico-v1.5.1/pico-sdk/src/rp2_common/hardware_timer/timer.c.obj
                0x10000ff8                busy_wait_us
 .text.busy_wait_until
                0x1000104c       0x20 CMakeFiles/main.dir/C_/Users/USER/Documents/Pico-v1.5.1/pico-sdk/src/rp2_common/hardware_timer/timer.c.obj
                0x1000104c                busy_wait_until
 .text.hardware_alarm_set_callback
                0x1000106c       0x8c CMakeFiles/main.dir/C_/Users/USER/Documents/Pico-v1.5.1/pico-sdk/src/rp2_common/hardware_timer/timer.c.obj
                0x1000106c                hardware_alarm_set_callback
 .text.hardware_alarm_set_target
                0x100010f8       0xd4 CMakeFiles/main.dir/C_/Users/USER/Documents/Pico-v1.5.1/pico-sdk/src/rp2_common/hardware_timer/timer.c.obj
                0x100010f8                hardware_alarm_set_target
 .text.hardware_alarm_cancel
                0x100011cc       0x3c CMakeFiles/main.dir/C_/Users/USER/Documents/Pico-v1.5.1/pico-sdk/src/rp2_common/hardware_timer/timer.c.obj
                0x100011cc                hardware_alarm_cancel
 .text.ph_merge_nodes
                0x10001208       0x68 CMakeFiles/main.dir/C_/Users/USER/Documents/Pico-v1.5.1/pico-sdk/src/common/pico_util/pheap.c.obj
 .text.ph_post_alloc_init
                0x10001270       0x3c CMakeFiles/main.dir/C_/Users/USER/Documents/Pico-v1.5.1/pico-sdk/src/common/pico_util/pheap.c.obj
                0x10001270                ph_post_alloc_init
 .text.ph_merge_two_pass
                0x100012ac       0x90 CMakeFiles/main.dir/C_/Users/USER/Documents/Pico-v1.5.1/pico-sdk/src/common/pico_util/pheap.c.obj
                0x100012ac                ph_merge_two_pass
 .text.ph_remove_any_head
                0x1000133c      0x100 CMakeFiles/main.dir/C_/Users/USER/Documents/Pico-v1.5.1/pico-sdk/src/common/pico_util/pheap.c.obj
 .text.ph_remove_head
                0x1000143c      0x104 CMakeFiles/main.dir/C_/Users/USER/Documents/Pico-v1.5.1/pico-sdk/src/common/pico_util/pheap.c.obj
                0x1000143c                ph_remove_head
 .text.ph_remove_and_free_node
                0x10001540       0x7c CMakeFiles/main.dir/C_/Users/USER/Documents/Pico-v1.5.1/pico-sdk/src/common/pico_util/pheap.c.obj
                0x10001540                ph_remove_and_free_node
 .text.uart_init
                0x100015bc      0x188 CMakeFiles/main.dir/C_/Users/USER/Documents/Pico-v1.5.1/pico-sdk/src/rp2_common/hardware_uart/uart.c.obj
                0x100015bc                uart_init
 .text.clocks_init
                0x10001744      0x2d0 CMakeFiles/main.dir/C_/Users/USER/Documents/Pico-v1.5.1/pico-sdk/src/rp2_common/hardware_clocks/clocks.c.obj
                0x10001744                clocks_init
 .text.clock_get_hz
                0x10001a14        0xc CMakeFiles/main.dir/C_/Users/USER/Documents/Pico-v1.5.1/pico-sdk/src/rp2_common/hardware_clocks/clocks.c.obj
                0x10001a14                clock_get_hz
 .text.pll_init
                0x10001a20       0xa0 CMakeFiles/main.dir/C_/Users/USER/Documents/Pico-v1.5.1/pico-sdk/src/rp2_common/hardware_pll/pll.c.obj
                0x10001a20                pll_init
 .text.watchdog_start_tick
                0x10001ac0       0x10 CMakeFiles/main.dir/C_/Users/USER/Documents/Pico-v1.5.1/pico-sdk/src/rp2_common/hardware_watchdog/watchdog.c.obj
                0x10001ac0                watchdog_start_tick
 .text.xosc_init
                0x10001ad0       0x28 CMakeFiles/main.dir/C_/Users/USER/Documents/Pico-v1.5.1/pico-sdk/src/rp2_common/hardware_xosc/xosc.c.obj
                0x10001ad0                xosc_init
 .text.runtime_init
                0x10001af8       0xf0 CMakeFiles/main.dir/C_/Users/USER/Documents/Pico-v1.5.1/pico-sdk/src/rp2_common/pico_runtime/runtime.c.obj
                0x10001af8                runtime_init
 .text._exit    0x10001be8        0x4 CMakeFiles/main.dir/C_/Users/USER/Documents/Pico-v1.5.1/pico-sdk/src/rp2_common/pico_runtime/runtime.c.obj
                0x10001be8                _exit
 .text._sbrk    0x10001bec       0x34 CMakeFiles/main.dir/C_/Users/USER/Documents/Pico-v1.5.1/pico-sdk/src/rp2_common/pico_runtime/runtime.c.obj
                0x10001bec                _sbrk
 .text.exit     0x10001c20        0x8 CMakeFiles/main.dir/C_/Users/USER/Documents/Pico-v1.5.1/pico-sdk/src/rp2_common/pico_runtime/runtime.c.obj
                0x10001c20                exit
 .text.panic    0x10001c28       0x30 CMakeFiles/main.dir/C_/Users/USER/Documents/Pico-v1.5.1/pico-sdk/src/rp2_common/pico_runtime/runtime.c.obj
                0x10001c28                panic
 .text.hard_assertion_failure
                0x10001c58        0xc CMakeFiles/main.dir/C_/Users/USER/Documents/Pico-v1.5.1/pico-sdk/src/rp2_common/pico_runtime/runtime.c.obj
                0x10001c58                hard_assertion_failure
 .text._out_null
                0x10001c64        0x4 CMakeFiles/main.dir/C_/Users/USER/Documents/Pico-v1.5.1/pico-sdk/src/rp2_common/pico_printf/printf.c.obj
 .text._out_rev
                0x10001c68       0x9c CMakeFiles/main.dir/C_/Users/USER/Documents/Pico-v1.5.1/pico-sdk/src/rp2_common/pico_printf/printf.c.obj
 .text._ntoa_format
                0x10001d04      0x1cc CMakeFiles/main.dir/C_/Users/USER/Documents/Pico-v1.5.1/pico-sdk/src/rp2_common/pico_printf/printf.c.obj
 .text._out_char
                0x10001ed0       0x10 CMakeFiles/main.dir/C_/Users/USER/Documents/Pico-v1.5.1/pico-sdk/src/rp2_common/pico_printf/printf.c.obj
 .text._out_fct
                0x10001ee0       0x10 CMakeFiles/main.dir/C_/Users/USER/Documents/Pico-v1.5.1/pico-sdk/src/rp2_common/pico_printf/printf.c.obj
 .text._etoa    0x10001ef0      0x44c CMakeFiles/main.dir/C_/Users/USER/Documents/Pico-v1.5.1/pico-sdk/src/rp2_common/pico_printf/printf.c.obj
 .text._ftoa    0x1000233c      0x398 CMakeFiles/main.dir/C_/Users/USER/Documents/Pico-v1.5.1/pico-sdk/src/rp2_common/pico_printf/printf.c.obj
 .text._vsnprintf
                0x100026d4      0xb04 CMakeFiles/main.dir/C_/Users/USER/Documents/Pico-v1.5.1/pico-sdk/src/rp2_common/pico_printf/printf.c.obj
 .text.vfctprintf
                0x100031d8       0x20 CMakeFiles/main.dir/C_/Users/USER/Documents/Pico-v1.5.1/pico-sdk/src/rp2_common/pico_printf/printf.c.obj
                0x100031d8                vfctprintf
 .text.weak_raw_vprintf
                0x100031f8       0x30 CMakeFiles/main.dir/C_/Users/USER/Documents/Pico-v1.5.1/pico-sdk/src/rp2_common/pico_printf/printf.c.obj
                0x100031f8                weak_raw_vprintf
 .text          0x10003228       0x10 CMakeFiles/main.dir/C_/Users/USER/Documents/Pico-v1.5.1/pico-sdk/src/rp2_common/pico_bit_ops/bit_ops_aeabi.S.obj
 .text.rom_func_lookup
                0x10003238       0x10 CMakeFiles/main.dir/C_/Users/USER/Documents/Pico-v1.5.1/pico-sdk/src/rp2_common/pico_bootrom/bootrom.c.obj
                0x10003238                rom_func_lookup
 .text.rom_data_lookup
                0x10003248       0x10 CMakeFiles/main.dir/C_/Users/USER/Documents/Pico-v1.5.1/pico-sdk/src/rp2_common/pico_bootrom/bootrom.c.obj
                0x10003248                rom_data_lookup
 .text.rom_funcs_lookup
                0x10003258       0x44 CMakeFiles/main.dir/C_/Users/USER/Documents/Pico-v1.5.1/pico-sdk/src/rp2_common/pico_bootrom/bootrom.c.obj
                0x10003258                rom_funcs_lookup
 .text.__wrap___aeabi_idiv
                0x1000329c       0x50 CMakeFiles/main.dir/C_/Users/USER/Documents/Pico-v1.5.1/pico-sdk/src/rp2_common/pico_divider/divider.S.obj
                0x1000329c                __wrap___aeabi_idivmod
                0x1000329c                divmod_s32s32
                0x1000329c                div_s32s32
                0x1000329c                __wrap___aeabi_idiv
                0x100032a4                divmod_s32s32_unsafe
                0x100032d0                divmod_s32s32_savestate
 .text.__wrap___aeabi_uidiv
                0x100032ec       0x4c CMakeFiles/main.dir/C_/Users/USER/Documents/Pico-v1.5.1/pico-sdk/src/rp2_common/pico_divider/divider.S.obj
                0x100032ec                __wrap___aeabi_uidiv
                0x100032ec                __wrap___aeabi_uidivmod
                0x100032ec                div_u32u32
                0x100032ec                divmod_u32u32
                0x100032f4                divmod_u32u32_unsafe
                0x1000331c                divmod_u32u32_savestate
 .text.__wrap___aeabi_ldiv
                0x10003338      0x424 CMakeFiles/main.dir/C_/Users/USER/Documents/Pico-v1.5.1/pico-sdk/src/rp2_common/pico_divider/divider.S.obj
                0x10003338                div_s64s64
                0x10003338                divmod_s64s64
                0x10003338                __wrap___aeabi_ldivmod
                0x10003368                divmod_u64u64
                0x10003368                div_u64u64
                0x10003368                __wrap___aeabi_uldivmod
                0x10003378                divmod_u64u64_savestate
                0x10003398                divmod_s64s64_unsafe
                0x10003420                divmod_u64u64_unsafe
 .text.__wrap___aeabi_darithmetic
                0x1000375c       0x80 CMakeFiles/main.dir/C_/Users/USER/Documents/Pico-v1.5.1/pico-sdk/src/rp2_common/pico_double/double_aeabi.S.obj
                0x1000375c                __wrap___aeabi_drsub
                0x10003762                __wrap___aeabi_dsub
                0x10003774                __wrap___aeabi_dadd
                0x10003786                __wrap___aeabi_ddiv
                0x100037c2                __wrap___aeabi_dmul
 .text.__wrap___aeabi_cdcmple
                0x100037dc       0x6c CMakeFiles/main.dir/C_/Users/USER/Documents/Pico-v1.5.1/pico-sdk/src/rp2_common/pico_double/double_aeabi.S.obj
                0x100037dc                __wrap___aeabi_cdrcmple
                0x100037ec                __wrap___aeabi_cdcmpeq
                0x100037ec                __wrap___aeabi_cdcmple
 .text.__wrap___aeabi_dcmplt
                0x10003848        0xc CMakeFiles/main.dir/C_/Users/USER/Documents/Pico-v1.5.1/pico-sdk/src/rp2_common/pico_double/double_aeabi.S.obj
                0x10003848                __wrap___aeabi_dcmplt
 .text.__wrap___aeabi_dcmple
                0x10003854       0x10 CMakeFiles/main.dir/C_/Users/USER/Documents/Pico-v1.5.1/pico-sdk/src/rp2_common/pico_double/double_aeabi.S.obj
                0x10003854                __wrap___aeabi_dcmple
 .text.__wrap___aeabi_dcmpge
                0x10003864       0x10 CMakeFiles/main.dir/C_/Users/USER/Documents/Pico-v1.5.1/pico-sdk/src/rp2_common/pico_double/double_aeabi.S.obj
                0x10003864                __wrap___aeabi_dcmpge
 .text.__wrap___aeabi_dcmpgt
                0x10003874        0xa CMakeFiles/main.dir/C_/Users/USER/Documents/Pico-v1.5.1/pico-sdk/src/rp2_common/pico_double/double_aeabi.S.obj
                0x10003874                __wrap___aeabi_dcmpgt
 .text.__wrap___aeabi_dcmpun
                0x1000387e       0x1c CMakeFiles/main.dir/C_/Users/USER/Documents/Pico-v1.5.1/pico-sdk/src/rp2_common/pico_double/double_aeabi.S.obj
                0x1000387e                __wrap___aeabi_dcmpun
 *fill*         0x1000389a        0x2 
 .text.__wrap___aeabi_i2d
                0x1000389c       0x38 CMakeFiles/main.dir/C_/Users/USER/Documents/Pico-v1.5.1/pico-sdk/src/rp2_common/pico_double/double_aeabi.S.obj
                0x1000389c                __wrap___aeabi_ui2d
                0x100038a4                __wrap___aeabi_i2d
 .text.__wrap___aeabi_d2iz
                0x100038d4       0x48 CMakeFiles/main.dir/C_/Users/USER/Documents/Pico-v1.5.1/pico-sdk/src/rp2_common/pico_double/double_aeabi.S.obj
                0x100038d4                double2int_z
                0x100038d4                __wrap___aeabi_d2iz
 .text.__wrap___aeabi_d2uiz
                0x1000391c       0x18 CMakeFiles/main.dir/C_/Users/USER/Documents/Pico-v1.5.1/pico-sdk/src/rp2_common/pico_double/double_aeabi.S.obj
                0x1000391c                __wrap___aeabi_d2uiz
                0x1000391c                double2uint
 .text.__aeabi_double_init
                0x10003934       0x94 CMakeFiles/main.dir/C_/Users/USER/Documents/Pico-v1.5.1/pico-sdk/src/rp2_common/pico_double/double_init_rom.c.obj
                0x10003934                __aeabi_double_init
 .text.double_table_shim_on_use_helper
                0x100039c8       0x2c CMakeFiles/main.dir/C_/Users/USER/Documents/Pico-v1.5.1/pico-sdk/src/rp2_common/pico_double/double_v1_rom_shim.S.obj
                0x100039c8                double_table_shim_on_use_helper
 .text.__wrap___aeabi_dsub
                0x100039f4       0x10 CMakeFiles/main.dir/C_/Users/USER/Documents/Pico-v1.5.1/pico-sdk/src/rp2_common/pico_double/double_v1_rom_shim.S.obj
                0x100039f4                drsub_shim
                0x100039fa                dsub_shim
 .text.dadd_shim
                0x10003a04      0x15c CMakeFiles/main.dir/C_/Users/USER/Documents/Pico-v1.5.1/pico-sdk/src/rp2_common/pico_double/double_v1_rom_shim.S.obj
                0x10003a04                dadd_shim
 .text.dmul_shim
                0x10003b60      0x15c CMakeFiles/main.dir/C_/Users/USER/Documents/Pico-v1.5.1/pico-sdk/src/rp2_common/pico_double/double_v1_rom_shim.S.obj
                0x10003b60                dmul_shim
 .text.ddiv_shim
                0x10003cbc      0x1b0 CMakeFiles/main.dir/C_/Users/USER/Documents/Pico-v1.5.1/pico-sdk/src/rp2_common/pico_double/double_v1_rom_shim.S.obj
                0x10003cbc                ddiv_shim
 .text.double2uint_shim
                0x10003e6c        0xe CMakeFiles/main.dir/C_/Users/USER/Documents/Pico-v1.5.1/pico-sdk/src/rp2_common/pico_double/double_v1_rom_shim.S.obj
                0x10003e6c                double2uint_shim
                0x10003e6e                double2ufix_shim
 *fill*         0x10003e7a        0x2 
 .text.double2uint64_shim
                0x10003e7c       0x70 CMakeFiles/main.dir/C_/Users/USER/Documents/Pico-v1.5.1/pico-sdk/src/rp2_common/pico_double/double_v1_rom_shim.S.obj
                0x10003e7c                double2uint64_shim
                0x10003e7e                double2ufix64_shim
                0x10003e9e                d2fix_a
 .text.dunpacks
                0x10003eec       0x3c CMakeFiles/main.dir/C_/Users/USER/Documents/Pico-v1.5.1/pico-sdk/src/rp2_common/pico_double/double_v1_rom_shim.S.obj
                0x10003eec                dunpacks
 .text.__aeabi_float_init
                0x10003f28       0x64 CMakeFiles/main.dir/C_/Users/USER/Documents/Pico-v1.5.1/pico-sdk/src/rp2_common/pico_float/float_init_rom.c.obj
                0x10003f28                __aeabi_float_init
 .text.float_table_shim_on_use_helper
                0x10003f8c       0x2c CMakeFiles/main.dir/C_/Users/USER/Documents/Pico-v1.5.1/pico-sdk/src/rp2_common/pico_float/float_v1_rom_shim.S.obj
                0x10003f8c                float_table_shim_on_use_helper
 .text          0x10003fb8       0x10 CMakeFiles/main.dir/C_/Users/USER/Documents/Pico-v1.5.1/pico-sdk/src/rp2_common/pico_mem_ops/mem_ops_aeabi.S.obj
                0x10003fb8                __aeabi_mem_init
 .text.memset   0x10003fc8        0xc CMakeFiles/main.dir/C_/Users/USER/Documents/Pico-v1.5.1/pico-sdk/src/rp2_common/pico_mem_ops/mem_ops_aeabi.S.obj
                0x10003fc8                __wrap_memset
 .text.memcpy   0x10003fd4        0xc CMakeFiles/main.dir/C_/Users/USER/Documents/Pico-v1.5.1/pico-sdk/src/rp2_common/pico_mem_ops/mem_ops_aeabi.S.obj
                0x10003fd4                __wrap_memcpy
                0x10003fd4                __wrap___aeabi_memcpy
 .text.stdio_out_chars_no_crlf
                0x10003fe0       0x10 CMakeFiles/main.dir/C_/Users/USER/Documents/Pico-v1.5.1/pico-sdk/src/rp2_common/pico_stdio/stdio.c.obj
 .text.stdio_out_chars_crlf
                0x10003ff0       0xb4 CMakeFiles/main.dir/C_/Users/USER/Documents/Pico-v1.5.1/pico-sdk/src/rp2_common/pico_stdio/stdio.c.obj
 .text.stdio_buffered_printer
                0x100040a4       0x64 CMakeFiles/main.dir/C_/Users/USER/Documents/Pico-v1.5.1/pico-sdk/src/rp2_common/pico_stdio/stdio.c.obj
 .text.stdio_put_string.isra.0
                0x10004108       0xfc CMakeFiles/main.dir/C_/Users/USER/Documents/Pico-v1.5.1/pico-sdk/src/rp2_common/pico_stdio/stdio.c.obj
 .text.__wrap_putchar
                0x10004204       0x98 CMakeFiles/main.dir/C_/Users/USER/Documents/Pico-v1.5.1/pico-sdk/src/rp2_common/pico_stdio/stdio.c.obj
                0x10004204                __wrap_putchar
 .text.__wrap_puts
                0x1000429c       0x3c CMakeFiles/main.dir/C_/Users/USER/Documents/Pico-v1.5.1/pico-sdk/src/rp2_common/pico_stdio/stdio.c.obj
                0x1000429c                __wrap_puts
 .text._read    0x100042d8       0x94 CMakeFiles/main.dir/C_/Users/USER/Documents/Pico-v1.5.1/pico-sdk/src/rp2_common/pico_stdio/stdio.c.obj
                0x100042d8                _read
 .text._write   0x1000436c       0xac CMakeFiles/main.dir/C_/Users/USER/Documents/Pico-v1.5.1/pico-sdk/src/rp2_common/pico_stdio/stdio.c.obj
                0x1000436c                _write
 .text._close   0x10004418        0x8 CMakeFiles/main.dir/C_/Users/USER/Documents/Pico-v1.5.1/pico-sdk/src/rp2_common/pico_stdio/stdio.c.obj
                0x10004418                _close
 .text._lseek   0x10004420        0x8 CMakeFiles/main.dir/C_/Users/USER/Documents/Pico-v1.5.1/pico-sdk/src/rp2_common/pico_stdio/stdio.c.obj
                0x10004420                _lseek
 .text.stdio_set_driver_enabled
                0x10004428       0x30 CMakeFiles/main.dir/C_/Users/USER/Documents/Pico-v1.5.1/pico-sdk/src/rp2_common/pico_stdio/stdio.c.obj
                0x10004428                stdio_set_driver_enabled
 .text.__wrap_vprintf
                0x10004458       0xd8 CMakeFiles/main.dir/C_/Users/USER/Documents/Pico-v1.5.1/pico-sdk/src/rp2_common/pico_stdio/stdio.c.obj
                0x10004458                __wrap_vprintf
 .text.__wrap_printf
                0x10004530       0x18 CMakeFiles/main.dir/C_/Users/USER/Documents/Pico-v1.5.1/pico-sdk/src/rp2_common/pico_stdio/stdio.c.obj
                0x10004530                __wrap_printf
 .text.stdio_init_all
                0x10004548        0xc CMakeFiles/main.dir/C_/Users/USER/Documents/Pico-v1.5.1/pico-sdk/src/rp2_common/pico_stdio/stdio.c.obj
                0x10004548                stdio_init_all
 .text.stdio_uart_out_chars
                0x10004554       0x4c CMakeFiles/main.dir/C_/Users/USER/Documents/Pico-v1.5.1/pico-sdk/src/rp2_common/pico_stdio_uart/stdio_uart.c.obj
 .text.stdio_uart_in_chars
                0x100045a0       0x84 CMakeFiles/main.dir/C_/Users/USER/Documents/Pico-v1.5.1/pico-sdk/src/rp2_common/pico_stdio_uart/stdio_uart.c.obj
                0x100045a0                stdio_uart_in_chars
 .text.on_uart_rx
                0x10004624       0x28 CMakeFiles/main.dir/C_/Users/USER/Documents/Pico-v1.5.1/pico-sdk/src/rp2_common/pico_stdio_uart/stdio_uart.c.obj
 .text.stdio_uart_set_chars_available_callback
                0x1000464c       0x8c CMakeFiles/main.dir/C_/Users/USER/Documents/Pico-v1.5.1/pico-sdk/src/rp2_common/pico_stdio_uart/stdio_uart.c.obj
 .text.stdio_uart_init
                0x100046d8       0x48 CMakeFiles/main.dir/C_/Users/USER/Documents/Pico-v1.5.1/pico-sdk/src/rp2_common/pico_stdio_uart/stdio_uart.c.obj
                0x100046d8                stdio_uart_init
 .text.__sflush_r
                0x10004720      0x140 c:/progra~2/gnuarm~1/102021~1.10/bin/../lib/gcc/arm-none-eabi/10.3.1/../../../../arm-none-eabi/lib/thumb/v6-m/nofp\libc.a(lib_a-fflush.o)
                0x10004720                __sflush_r
 .text._fflush_r
                0x10004860       0x6c c:/progra~2/gnuarm~1/102021~1.10/bin/../lib/gcc/arm-none-eabi/10.3.1/../../../../arm-none-eabi/lib/thumb/v6-m/nofp\libc.a(lib_a-fflush.o)
                0x10004860                _fflush_r
 .text.fflush   0x100048cc       0x78 c:/progra~2/gnuarm~1/102021~1.10/bin/../lib/gcc/arm-none-eabi/10.3.1/../../../../arm-none-eabi/lib/thumb/v6-m/nofp\libc.a(lib_a-fflush.o)
                0x100048cc                fflush
 .text._cleanup_r
                0x10004944       0x10 c:/progra~2/gnuarm~1/102021~1.10/bin/../lib/gcc/arm-none-eabi/10.3.1/../../../../arm-none-eabi/lib/thumb/v6-m/nofp\libc.a(lib_a-findfp.o)
                0x10004944                _cleanup_r
 .text.__sinit  0x10004954      0x120 c:/progra~2/gnuarm~1/102021~1.10/bin/../lib/gcc/arm-none-eabi/10.3.1/../../../../arm-none-eabi/lib/thumb/v6-m/nofp\libc.a(lib_a-findfp.o)
                0x10004954                __sinit
 .text.__sfp_lock_acquire
                0x10004a74       0x10 c:/progra~2/gnuarm~1/102021~1.10/bin/../lib/gcc/arm-none-eabi/10.3.1/../../../../arm-none-eabi/lib/thumb/v6-m/nofp\libc.a(lib_a-findfp.o)
                0x10004a74                __sfp_lock_acquire
 .text.__sfp_lock_release
                0x10004a84       0x10 c:/progra~2/gnuarm~1/102021~1.10/bin/../lib/gcc/arm-none-eabi/10.3.1/../../../../arm-none-eabi/lib/thumb/v6-m/nofp\libc.a(lib_a-findfp.o)
                0x10004a84                __sfp_lock_release
 .text._malloc_trim_r
                0x10004a94       0x9c c:/progra~2/gnuarm~1/102021~1.10/bin/../lib/gcc/arm-none-eabi/10.3.1/../../../../arm-none-eabi/lib/thumb/v6-m/nofp\libc.a(lib_a-freer.o)
                0x10004a94                _malloc_trim_r
 .text._free_r  0x10004b30      0x1c4 c:/progra~2/gnuarm~1/102021~1.10/bin/../lib/gcc/arm-none-eabi/10.3.1/../../../../arm-none-eabi/lib/thumb/v6-m/nofp\libc.a(lib_a-freer.o)
                0x10004b30                _free_r
 .text._fwalk_reent
                0x10004cf4       0x48 c:/progra~2/gnuarm~1/102021~1.10/bin/../lib/gcc/arm-none-eabi/10.3.1/../../../../arm-none-eabi/lib/thumb/v6-m/nofp\libc.a(lib_a-fwalk.o)
                0x10004cf4                _fwalk_reent
 .text.__retarget_lock_init_recursive
                0x10004d3c        0x4 c:/progra~2/gnuarm~1/102021~1.10/bin/../lib/gcc/arm-none-eabi/10.3.1/../../../../arm-none-eabi/lib/thumb/v6-m/nofp\libc.a(lib_a-lock.o)
                0x10004d3c                __retarget_lock_init_recursive
 .text.__retarget_lock_close_recursive
                0x10004d40        0x4 c:/progra~2/gnuarm~1/102021~1.10/bin/../lib/gcc/arm-none-eabi/10.3.1/../../../../arm-none-eabi/lib/thumb/v6-m/nofp\libc.a(lib_a-lock.o)
                0x10004d40                __retarget_lock_close_recursive
 .text.__retarget_lock_acquire_recursive
                0x10004d44        0x4 c:/progra~2/gnuarm~1/102021~1.10/bin/../lib/gcc/arm-none-eabi/10.3.1/../../../../arm-none-eabi/lib/thumb/v6-m/nofp\libc.a(lib_a-lock.o)
                0x10004d44                __retarget_lock_acquire_recursive
 .text.__retarget_lock_release_recursive
                0x10004d48        0x4 c:/progra~2/gnuarm~1/102021~1.10/bin/../lib/gcc/arm-none-eabi/10.3.1/../../../../arm-none-eabi/lib/thumb/v6-m/nofp\libc.a(lib_a-lock.o)
                0x10004d48                __retarget_lock_release_recursive
 .text.__malloc_lock
                0x10004d4c       0x10 c:/progra~2/gnuarm~1/102021~1.10/bin/../lib/gcc/arm-none-eabi/10.3.1/../../../../arm-none-eabi/lib/thumb/v6-m/nofp\libc.a(lib_a-mlock.o)
                0x10004d4c                __malloc_lock
 .text.__malloc_unlock
                0x10004d5c       0x10 c:/progra~2/gnuarm~1/102021~1.10/bin/../lib/gcc/arm-none-eabi/10.3.1/../../../../arm-none-eabi/lib/thumb/v6-m/nofp\libc.a(lib_a-mlock.o)
                0x10004d5c                __malloc_unlock
 .text._sbrk_r  0x10004d6c       0x24 c:/progra~2/gnuarm~1/102021~1.10/bin/../lib/gcc/arm-none-eabi/10.3.1/../../../../arm-none-eabi/lib/thumb/v6-m/nofp\libc.a(lib_a-sbrkr.o)
                0x10004d6c                _sbrk_r
 .text.__sread  0x10004d90       0x28 c:/progra~2/gnuarm~1/102021~1.10/bin/../lib/gcc/arm-none-eabi/10.3.1/../../../../arm-none-eabi/lib/thumb/v6-m/nofp\libc.a(lib_a-stdio.o)
                0x10004d90                __sread
 .text.__swrite
                0x10004db8       0x40 c:/progra~2/gnuarm~1/102021~1.10/bin/../lib/gcc/arm-none-eabi/10.3.1/../../../../arm-none-eabi/lib/thumb/v6-m/nofp\libc.a(lib_a-stdio.o)
                0x10004db8                __swrite
 .text.__sseek  0x10004df8       0x2c c:/progra~2/gnuarm~1/102021~1.10/bin/../lib/gcc/arm-none-eabi/10.3.1/../../../../arm-none-eabi/lib/thumb/v6-m/nofp\libc.a(lib_a-stdio.o)
                0x10004df8                __sseek
 .text.__sclose
                0x10004e24        0xc c:/progra~2/gnuarm~1/102021~1.10/bin/../lib/gcc/arm-none-eabi/10.3.1/../../../../arm-none-eabi/lib/thumb/v6-m/nofp\libc.a(lib_a-stdio.o)
                0x10004e24                __sclose
 .text.strlen   0x10004e30       0x5c c:/progra~2/gnuarm~1/102021~1.10/bin/../lib/gcc/arm-none-eabi/10.3.1/../../../../arm-none-eabi/lib/thumb/v6-m/nofp\libc.a(lib_a-strlen-stub.o)
                0x10004e30                strlen
 .text._write_r
                0x10004e8c       0x28 c:/progra~2/gnuarm~1/102021~1.10/bin/../lib/gcc/arm-none-eabi/10.3.1/../../../../arm-none-eabi/lib/thumb/v6-m/nofp\libc.a(lib_a-writer.o)
                0x10004e8c                _write_r
 .text._close_r
                0x10004eb4       0x24 c:/progra~2/gnuarm~1/102021~1.10/bin/../lib/gcc/arm-none-eabi/10.3.1/../../../../arm-none-eabi/lib/thumb/v6-m/nofp\libc.a(lib_a-closer.o)
                0x10004eb4                _close_r
 .text._fclose_r
                0x10004ed8       0xdc c:/progra~2/gnuarm~1/102021~1.10/bin/../lib/gcc/arm-none-eabi/10.3.1/../../../../arm-none-eabi/lib/thumb/v6-m/nofp\libc.a(lib_a-fclose.o)
                0x10004ed8                _fclose_r
 .text._lseek_r
                0x10004fb4       0x28 c:/progra~2/gnuarm~1/102021~1.10/bin/../lib/gcc/arm-none-eabi/10.3.1/../../../../arm-none-eabi/lib/thumb/v6-m/nofp\libc.a(lib_a-lseekr.o)
                0x10004fb4                _lseek_r
 .text._read_r  0x10004fdc       0x28 c:/progra~2/gnuarm~1/102021~1.10/bin/../lib/gcc/arm-none-eabi/10.3.1/../../../../arm-none-eabi/lib/thumb/v6-m/nofp\libc.a(lib_a-readr.o)
                0x10004fdc                _read_r
 *(.fini)
 .fini          0x10005004        0x4 c:/progra~2/gnuarm~1/102021~1.10/bin/../lib/gcc/arm-none-eabi/10.3.1/thumb/v6-m/nofp/crti.o
                0x10005004                _fini
 .fini.__stub   0x10005008       0x40 linker stubs
 *crtbegin.o(.ctors)
 *crtbegin?.o(.ctors)
 *(EXCLUDE_FILE(*crtend.o *crtend?.o) .ctors)
 *(SORT_BY_NAME(.ctors.*))
 *(.ctors)
 *crtbegin.o(.dtors)
 *crtbegin?.o(.dtors)
 *(EXCLUDE_FILE(*crtend.o *crtend?.o) .dtors)
 *(SORT_BY_NAME(.dtors.*))
 *(.dtors)
 *(.eh_frame*)
 .eh_frame      0x10005048        0x0 c:/progra~2/gnuarm~1/102021~1.10/bin/../lib/gcc/arm-none-eabi/10.3.1/thumb/v6-m/nofp/crtbegin.o
                0x10005048                . = ALIGN (0x4)

.glue_7         0x10005048        0x0
 .glue_7        0x10005048        0x0 linker stubs

.glue_7t        0x10005048        0x0
 .glue_7t       0x10005048        0x0 linker stubs

.vfp11_veneer   0x10005048        0x0
 .vfp11_veneer  0x10005048        0x0 linker stubs

.v4_bx          0x10005048        0x0
 .v4_bx         0x10005048        0x0 linker stubs

.iplt           0x10005048        0x0
 .iplt          0x10005048        0x0 c:/progra~2/gnuarm~1/102021~1.10/bin/../lib/gcc/arm-none-eabi/10.3.1/thumb/v6-m/nofp/crtbegin.o

.rodata         0x10005048      0x3b0
 *(EXCLUDE_FILE(*libm.a: *libc.a:*lib_a-mem*.o *libgcc.a:) .rodata*)
 .rodata.main.str1.4
                0x10005048       0x21 CMakeFiles/main.dir/main.c.obj
 *fill*         0x10005069        0x7 
 .rodata.at_the_end_of_time
                0x10005070        0x8 CMakeFiles/main.dir/C_/Users/USER/Documents/Pico-v1.5.1/pico-sdk/src/common/pico_time/time.c.obj
                0x10005070                at_the_end_of_time
 .rodata.hardware_alarm_claim.str1.4
                0x10005078       0x22 CMakeFiles/main.dir/C_/Users/USER/Documents/Pico-v1.5.1/pico-sdk/src/rp2_common/hardware_timer/timer.c.obj
 *fill*         0x1000509a        0x2 
 .rodata.panic.str1.4
                0x1000509c       0x12 CMakeFiles/main.dir/C_/Users/USER/Documents/Pico-v1.5.1/pico-sdk/src/rp2_common/pico_runtime/runtime.c.obj
 *fill*         0x100050ae        0x2 
 .rodata.hard_assertion_failure.str1.4
                0x100050b0        0xc CMakeFiles/main.dir/C_/Users/USER/Documents/Pico-v1.5.1/pico-sdk/src/rp2_common/pico_runtime/runtime.c.obj
 .rodata._ftoa.str1.4
                0x100050bc       0x15 CMakeFiles/main.dir/C_/Users/USER/Documents/Pico-v1.5.1/pico-sdk/src/rp2_common/pico_printf/printf.c.obj
 *fill*         0x100050d1        0x3 
 .rodata._vsnprintf
                0x100050d4      0x1e0 CMakeFiles/main.dir/C_/Users/USER/Documents/Pico-v1.5.1/pico-sdk/src/rp2_common/pico_printf/printf.c.obj
 *fill*         0x100052b4        0x4 
 .rodata.pow10.0
                0x100052b8       0x50 CMakeFiles/main.dir/C_/Users/USER/Documents/Pico-v1.5.1/pico-sdk/src/rp2_common/pico_printf/printf.c.obj
 .rodata.str1.4
                0x10005308       0x78 CMakeFiles/main.dir/C_/Users/USER/Documents/Pico-v1.5.1/pico-sdk/src/rp2_common/pico_standard_link/binary_info.c.obj
 .rodata.__bi_44
                0x10005380        0xc CMakeFiles/main.dir/C_/Users/USER/Documents/Pico-v1.5.1/pico-sdk/src/rp2_common/pico_standard_link/binary_info.c.obj
 .rodata.__bi_69
                0x1000538c        0xc CMakeFiles/main.dir/C_/Users/USER/Documents/Pico-v1.5.1/pico-sdk/src/rp2_common/pico_standard_link/binary_info.c.obj
 .rodata.__bi_75
                0x10005398        0xc CMakeFiles/main.dir/C_/Users/USER/Documents/Pico-v1.5.1/pico-sdk/src/rp2_common/pico_standard_link/binary_info.c.obj
 .rodata.__bi_81
                0x100053a4        0xc CMakeFiles/main.dir/C_/Users/USER/Documents/Pico-v1.5.1/pico-sdk/src/rp2_common/pico_standard_link/binary_info.c.obj
 .rodata.crlf_str.0
                0x100053b0        0x2 CMakeFiles/main.dir/C_/Users/USER/Documents/Pico-v1.5.1/pico-sdk/src/rp2_common/pico_stdio/stdio.c.obj
 *fill*         0x100053b2        0x2 
 .rodata.str1.4
                0x100053b4       0x2c CMakeFiles/main.dir/C_/Users/USER/Documents/Pico-v1.5.1/pico-sdk/src/rp2_common/pico_stdio_uart/stdio_uart.c.obj
 .rodata.__bi_33.4
                0x100053e0        0xc CMakeFiles/main.dir/C_/Users/USER/Documents/Pico-v1.5.1/pico-sdk/src/rp2_common/pico_stdio_uart/stdio_uart.c.obj
 .rodata.__bi_34.5
                0x100053ec        0x8 CMakeFiles/main.dir/C_/Users/USER/Documents/Pico-v1.5.1/pico-sdk/src/rp2_common/pico_stdio_uart/stdio_uart.c.obj
 .rodata._global_impure_ptr
                0x100053f4        0x4 c:/progra~2/gnuarm~1/102021~1.10/bin/../lib/gcc/arm-none-eabi/10.3.1/../../../../arm-none-eabi/lib/thumb/v6-m/nofp\libc.a(lib_a-impure.o)
                0x100053f4                _global_impure_ptr
                0x100053f8                . = ALIGN (0x4)
 *(SORT_BY_ALIGNMENT(SORT_BY_NAME(.flashdata*)))
                0x100053f8                . = ALIGN (0x4)

.ARM.extab
 *(.ARM.extab* .gnu.linkonce.armextab.*)
                0x100053f8                __exidx_start = .

.ARM.exidx
 *(.ARM.exidx* .gnu.linkonce.armexidx.*)
                0x100053f8                __exidx_end = .
                0x100053f8                . = ALIGN (0x4)
                0x100053f8                __binary_info_start = .

.binary_info    0x100053f8       0x28
 *(.binary_info.keep.*)
 .binary_info.keep.__bi_ptr22
                0x100053f8        0x4 CMakeFiles/main.dir/C_/Users/USER/Documents/Pico-v1.5.1/pico-sdk/src/rp2_common/pico_standard_link/binary_info.c.obj
 .binary_info.keep.__bi_ptr30
                0x100053fc        0x4 CMakeFiles/main.dir/C_/Users/USER/Documents/Pico-v1.5.1/pico-sdk/src/rp2_common/pico_standard_link/binary_info.c.obj
 .binary_info.keep.__bi_ptr38
                0x10005400        0x4 CMakeFiles/main.dir/C_/Users/USER/Documents/Pico-v1.5.1/pico-sdk/src/rp2_common/pico_standard_link/binary_info.c.obj
 .binary_info.keep.__bi_ptr44
                0x10005404        0x4 CMakeFiles/main.dir/C_/Users/USER/Documents/Pico-v1.5.1/pico-sdk/src/rp2_common/pico_standard_link/binary_info.c.obj
 .binary_info.keep.__bi_ptr50
                0x10005408        0x4 CMakeFiles/main.dir/C_/Users/USER/Documents/Pico-v1.5.1/pico-sdk/src/rp2_common/pico_standard_link/binary_info.c.obj
 .binary_info.keep.__bi_ptr69
                0x1000540c        0x4 CMakeFiles/main.dir/C_/Users/USER/Documents/Pico-v1.5.1/pico-sdk/src/rp2_common/pico_standard_link/binary_info.c.obj
 .binary_info.keep.__bi_ptr75
                0x10005410        0x4 CMakeFiles/main.dir/C_/Users/USER/Documents/Pico-v1.5.1/pico-sdk/src/rp2_common/pico_standard_link/binary_info.c.obj
 .binary_info.keep.__bi_ptr81
                0x10005414        0x4 CMakeFiles/main.dir/C_/Users/USER/Documents/Pico-v1.5.1/pico-sdk/src/rp2_common/pico_standard_link/binary_info.c.obj
 *(.binary_info.*)
 .binary_info.__bi_ptr33
                0x10005418        0x4 CMakeFiles/main.dir/C_/Users/USER/Documents/Pico-v1.5.1/pico-sdk/src/rp2_common/pico_stdio_uart/stdio_uart.c.obj
 .binary_info.__bi_ptr34
                0x1000541c        0x4 CMakeFiles/main.dir/C_/Users/USER/Documents/Pico-v1.5.1/pico-sdk/src/rp2_common/pico_stdio_uart/stdio_uart.c.obj
                0x10005420                __binary_info_end = .

.rel.dyn        0x10005420        0x0
 .rel.iplt      0x10005420        0x0 c:/progra~2/gnuarm~1/102021~1.10/bin/../lib/gcc/arm-none-eabi/10.3.1/thumb/v6-m/nofp/crtbegin.o
                0x10005420                . = ALIGN (0x4)

.ram_vector_table
                0x20000000       0xc0
 *(.ram_vector_table)
 .ram_vector_table
                0x20000000       0xc0 CMakeFiles/main.dir/C_/Users/USER/Documents/Pico-v1.5.1/pico-sdk/src/rp2_common/pico_runtime/runtime.c.obj
                0x20000000                ram_vector_table

.data           0x200000c0      0x9e4 load address 0x10005420
                0x200000c0                __data_start__ = .
 *(vtable)
 *(.time_critical*)
 .time_critical.mutex_try_enter_block_until
                0x200000c0       0x9c CMakeFiles/main.dir/C_/Users/USER/Documents/Pico-v1.5.1/pico-sdk/src/common/pico_sync/mutex.c.obj
                0x200000c0                mutex_try_enter_block_until
 .time_critical.mutex_exit
                0x2000015c       0x28 CMakeFiles/main.dir/C_/Users/USER/Documents/Pico-v1.5.1/pico-sdk/src/common/pico_sync/mutex.c.obj
                0x2000015c                mutex_exit
 *(.text*)
 .text          0x20000184        0x4 c:/progra~2/gnuarm~1/102021~1.10/bin/../lib/gcc/arm-none-eabi/10.3.1/thumb/v6-m/nofp\libgcc.a(_dvmd_tls.o)
                0x20000184                __aeabi_idiv0
                0x20000184                __aeabi_ldiv0
 .text.__stub   0x20000188       0x10 linker stubs
                0x20000198                . = ALIGN (0x4)
 *(.rodata*)
                0x20000198                . = ALIGN (0x4)
 *(.data*)
 .data.striped_spin_lock_num
                0x20000198        0x1 CMakeFiles/main.dir/C_/Users/USER/Documents/Pico-v1.5.1/pico-sdk/src/rp2_common/hardware_sync/sync.c.obj
 *fill*         0x20000199        0x3 
 .data          0x2000019c       0x48 CMakeFiles/main.dir/C_/Users/USER/Documents/Pico-v1.5.1/pico-sdk/src/rp2_common/hardware_irq/irq_handler_chain.S.obj
                0x2000019c                irq_handler_chain_slots
                0x200001cc                irq_handler_chain_first_slot
                0x200001d6                irq_handler_chain_remove_tail
 .data.default_alarm_pool
                0x200001e4       0x18 CMakeFiles/main.dir/C_/Users/USER/Documents/Pico-v1.5.1/pico-sdk/src/common/pico_time/time.c.obj
 .data.default_alarm_pool_heap
                0x200001fc       0x10 CMakeFiles/main.dir/C_/Users/USER/Documents/Pico-v1.5.1/pico-sdk/src/common/pico_time/time.c.obj
 *fill*         0x2000020c        0x4 
 .data.aeabi_bits_funcs
                0x20000210       0x10 CMakeFiles/main.dir/C_/Users/USER/Documents/Pico-v1.5.1/pico-sdk/src/rp2_common/pico_bit_ops/bit_ops_aeabi.S.obj
                0x20000210                aeabi_bits_funcs
                0x20000220                aeabi_bits_funcs_end
 .data.aeabi_mem_funcs
                0x20000220       0x10 CMakeFiles/main.dir/C_/Users/USER/Documents/Pico-v1.5.1/pico-sdk/src/rp2_common/pico_mem_ops/mem_ops_aeabi.S.obj
                0x20000220                aeabi_mem_funcs
                0x20000230                aeabi_mem_funcs_end
 .data.stdio_uart
                0x20000230       0x18 CMakeFiles/main.dir/C_/Users/USER/Documents/Pico-v1.5.1/pico-sdk/src/rp2_common/pico_stdio_uart/stdio_uart.c.obj
                0x20000230                stdio_uart
 .data._impure_ptr
                0x20000248        0x4 c:/progra~2/gnuarm~1/102021~1.10/bin/../lib/gcc/arm-none-eabi/10.3.1/../../../../arm-none-eabi/lib/thumb/v6-m/nofp\libc.a(lib_a-impure.o)
                0x20000248                _impure_ptr
 *fill*         0x2000024c        0x4 
 .data.impure_data
                0x20000250      0x428 c:/progra~2/gnuarm~1/102021~1.10/bin/../lib/gcc/arm-none-eabi/10.3.1/../../../../arm-none-eabi/lib/thumb/v6-m/nofp\libc.a(lib_a-impure.o)
 .data.__malloc_av_
                0x20000678      0x408 c:/progra~2/gnuarm~1/102021~1.10/bin/../lib/gcc/arm-none-eabi/10.3.1/../../../../arm-none-eabi/lib/thumb/v6-m/nofp\libc.a(lib_a-mallocr.o)
                0x20000678                __malloc_av_
 .data.__malloc_sbrk_base
                0x20000a80        0x4 c:/progra~2/gnuarm~1/102021~1.10/bin/../lib/gcc/arm-none-eabi/10.3.1/../../../../arm-none-eabi/lib/thumb/v6-m/nofp\libc.a(lib_a-mallocr.o)
                0x20000a80                __malloc_sbrk_base
 .data.__malloc_trim_threshold
                0x20000a84        0x4 c:/progra~2/gnuarm~1/102021~1.10/bin/../lib/gcc/arm-none-eabi/10.3.1/../../../../arm-none-eabi/lib/thumb/v6-m/nofp\libc.a(lib_a-mallocr.o)
                0x20000a84                __malloc_trim_threshold
                0x20000a88                . = ALIGN (0x4)
 *(.after_data.*)
                0x20000a88                . = ALIGN (0x4)
                0x20000a88                PROVIDE (__mutex_array_start = .)
 *(SORT_BY_NAME(.mutex_array.*))
 *(.mutex_array)
 .mutex_array   0x20000a88        0x8 CMakeFiles/main.dir/C_/Users/USER/Documents/Pico-v1.5.1/pico-sdk/src/rp2_common/pico_stdio/stdio.c.obj
                0x20000a90                PROVIDE (__mutex_array_end = .)
                0x20000a90                . = ALIGN (0x4)
                0x20000a90                PROVIDE (__preinit_array_start = .)
 *(SORT_BY_NAME(.preinit_array.*))
 .preinit_array.00001
                0x20000a90        0x4 CMakeFiles/main.dir/C_/Users/USER/Documents/Pico-v1.5.1/pico-sdk/src/rp2_common/pico_mem_ops/mem_ops_aeabi.S.obj
 .preinit_array.00010
                0x20000a94        0x4 CMakeFiles/main.dir/C_/Users/USER/Documents/Pico-v1.5.1/pico-sdk/src/rp2_common/pico_bit_ops/bit_ops_aeabi.S.obj
 .preinit_array.00020
                0x20000a98        0x4 CMakeFiles/main.dir/C_/Users/USER/Documents/Pico-v1.5.1/pico-sdk/src/rp2_common/pico_double/double_aeabi.S.obj
 .preinit_array.00020
                0x20000a9c        0x4 CMakeFiles/main.dir/C_/Users/USER/Documents/Pico-v1.5.1/pico-sdk/src/rp2_common/pico_float/float_aeabi.S.obj
 *(.preinit_array)
                0x20000aa0                PROVIDE (__preinit_array_end = .)
                0x20000aa0                . = ALIGN (0x4)
                0x20000aa0                PROVIDE (__init_array_start = .)
 *(SORT_BY_NAME(.init_array.*))
 *(.init_array)
 .init_array    0x20000aa0        0x4 c:/progra~2/gnuarm~1/102021~1.10/bin/../lib/gcc/arm-none-eabi/10.3.1/thumb/v6-m/nofp/crtbegin.o
                0x20000aa4                PROVIDE (__init_array_end = .)
                0x20000aa4                . = ALIGN (0x4)
                [!provide]                PROVIDE (__fini_array_start = .)
 *(SORT_BY_NAME(.fini_array.*))
 *(.fini_array)
                [!provide]                PROVIDE (__fini_array_end = .)
 *(.jcr)
                0x20000aa4                . = ALIGN (0x4)
                0x20000aa4                __data_end__ = .
                0x10005420                __etext = LOADADDR (.data)

.igot.plt       0x20000aa4        0x0 load address 0x10005e04
 .igot.plt      0x20000aa4        0x0 c:/progra~2/gnuarm~1/102021~1.10/bin/../lib/gcc/arm-none-eabi/10.3.1/thumb/v6-m/nofp/crtbegin.o

.uninitialized_data
                0x20000aa4        0x0 load address 0x10005e04
                0x20000aa4                . = ALIGN (0x4)
 *(.uninitialized_data*)

.scratch_x      0x20040000        0x0 load address 0x10005e04
                0x20040000                __scratch_x_start__ = .
 *(.scratch_x.*)
                0x20040000                . = ALIGN (0x4)
                0x20040000                __scratch_x_end__ = .
                0x10005e04                __scratch_x_source__ = LOADADDR (.scratch_x)

.scratch_y      0x20041000        0x0 load address 0x10005e04
                0x20041000                __scratch_y_start__ = .
 *(.scratch_y.*)
                0x20041000                . = ALIGN (0x4)
                0x20041000                __scratch_y_end__ = .
                0x10005e04                __scratch_y_source__ = LOADADDR (.scratch_y)

.bss            0x20000aa8      0x41c
                0x20000aa8                . = ALIGN (0x4)
                0x20000aa8                __bss_start__ = .
 *(SORT_BY_ALIGNMENT(SORT_BY_NAME(.bss*)))
 .bss.default_alarm_pool_entries
                0x20000aa8      0x100 CMakeFiles/main.dir/C_/Users/USER/Documents/Pico-v1.5.1/pico-sdk/src/common/pico_time/time.c.obj
 .bss.sd_table  0x20000ba8      0x100 CMakeFiles/main.dir/C_/Users/USER/Documents/Pico-v1.5.1/pico-sdk/src/rp2_common/pico_double/double_init_rom.c.obj
                0x20000ba8                sd_table
 .bss.sf_table  0x20000ca8      0x100 CMakeFiles/main.dir/C_/Users/USER/Documents/Pico-v1.5.1/pico-sdk/src/rp2_common/pico_float/float_init_rom.c.obj
                0x20000ca8                sf_table
 .bss           0x20000da8       0x1c c:/progra~2/gnuarm~1/102021~1.10/bin/../lib/gcc/arm-none-eabi/10.3.1/thumb/v6-m/nofp/crtbegin.o
 .bss.__lock___malloc_recursive_mutex
                0x20000dc4        0x1 c:/progra~2/gnuarm~1/102021~1.10/bin/../lib/gcc/arm-none-eabi/10.3.1/../../../../arm-none-eabi/lib/thumb/v6-m/nofp\libc.a(lib_a-lock.o)
                0x20000dc4                __lock___malloc_recursive_mutex
 *fill*         0x20000dc5        0x3 
 .bss.__lock___sfp_recursive_mutex
                0x20000dc8        0x1 c:/progra~2/gnuarm~1/102021~1.10/bin/../lib/gcc/arm-none-eabi/10.3.1/../../../../arm-none-eabi/lib/thumb/v6-m/nofp\libc.a(lib_a-lock.o)
                0x20000dc8                __lock___sfp_recursive_mutex
 *fill*         0x20000dc9        0x3 
 .bss.__lock___sinit_recursive_mutex
                0x20000dcc        0x1 c:/progra~2/gnuarm~1/102021~1.10/bin/../lib/gcc/arm-none-eabi/10.3.1/../../../../arm-none-eabi/lib/thumb/v6-m/nofp\libc.a(lib_a-lock.o)
                0x20000dcc                __lock___sinit_recursive_mutex
 *fill*         0x20000dcd        0x3 
 .bss.__malloc_current_mallinfo
                0x20000dd0       0x28 c:/progra~2/gnuarm~1/102021~1.10/bin/../lib/gcc/arm-none-eabi/10.3.1/../../../../arm-none-eabi/lib/thumb/v6-m/nofp\libc.a(lib_a-mallocr.o)
                0x20000dd0                __malloc_current_mallinfo
 .bss.__malloc_top_pad
                0x20000df8        0x4 c:/progra~2/gnuarm~1/102021~1.10/bin/../lib/gcc/arm-none-eabi/10.3.1/../../../../arm-none-eabi/lib/thumb/v6-m/nofp\libc.a(lib_a-mallocr.o)
                0x20000df8                __malloc_top_pad
 .bss.alarm_callbacks
                0x20000dfc       0x10 CMakeFiles/main.dir/C_/Users/USER/Documents/Pico-v1.5.1/pico-sdk/src/rp2_common/hardware_timer/timer.c.obj
 .bss.chars_available_callback
                0x20000e0c        0x4 CMakeFiles/main.dir/C_/Users/USER/Documents/Pico-v1.5.1/pico-sdk/src/rp2_common/pico_stdio_uart/stdio_uart.c.obj
 .bss.chars_available_param
                0x20000e10        0x4 CMakeFiles/main.dir/C_/Users/USER/Documents/Pico-v1.5.1/pico-sdk/src/rp2_common/pico_stdio_uart/stdio_uart.c.obj
 .bss.configured_freq
                0x20000e14       0x28 CMakeFiles/main.dir/C_/Users/USER/Documents/Pico-v1.5.1/pico-sdk/src/rp2_common/hardware_clocks/clocks.c.obj
 .bss.default_alarm_pool_entry_ids_high
                0x20000e3c       0x10 CMakeFiles/main.dir/C_/Users/USER/Documents/Pico-v1.5.1/pico-sdk/src/common/pico_time/time.c.obj
 .bss.default_alarm_pool_heap_nodes
                0x20000e4c       0x30 CMakeFiles/main.dir/C_/Users/USER/Documents/Pico-v1.5.1/pico-sdk/src/common/pico_time/time.c.obj
 .bss.drivers   0x20000e7c        0x4 CMakeFiles/main.dir/C_/Users/USER/Documents/Pico-v1.5.1/pico-sdk/src/rp2_common/pico_stdio/stdio.c.obj
 .bss.errno     0x20000e80        0x4 c:/progra~2/gnuarm~1/102021~1.10/bin/../lib/gcc/arm-none-eabi/10.3.1/../../../../arm-none-eabi/lib/thumb/v6-m/nofp\libc.a(lib_a-reent.o)
                0x20000e80                errno
 .bss.filter    0x20000e84        0x4 CMakeFiles/main.dir/C_/Users/USER/Documents/Pico-v1.5.1/pico-sdk/src/rp2_common/pico_stdio/stdio.c.obj
 .bss.heap_end.0
                0x20000e88        0x4 CMakeFiles/main.dir/C_/Users/USER/Documents/Pico-v1.5.1/pico-sdk/src/rp2_common/pico_runtime/runtime.c.obj
 .bss.lazy_vsnprintf
                0x20000e8c        0x4 CMakeFiles/main.dir/C_/Users/USER/Documents/Pico-v1.5.1/pico-sdk/src/rp2_common/pico_printf/printf.c.obj
 .bss.pools     0x20000e90       0x10 CMakeFiles/main.dir/C_/Users/USER/Documents/Pico-v1.5.1/pico-sdk/src/common/pico_time/time.c.obj
 .bss.sf_clz_func
                0x20000ea0        0x4 CMakeFiles/main.dir/C_/Users/USER/Documents/Pico-v1.5.1/pico-sdk/src/rp2_common/pico_double/double_init_rom.c.obj
                0x20000ea0                sf_clz_func
 .bss.sleep_notifier
                0x20000ea4        0x4 CMakeFiles/main.dir/C_/Users/USER/Documents/Pico-v1.5.1/pico-sdk/src/common/pico_time/time.c.obj
 .bss.target_hi
                0x20000ea8       0x10 CMakeFiles/main.dir/C_/Users/USER/Documents/Pico-v1.5.1/pico-sdk/src/rp2_common/hardware_timer/timer.c.obj
 .bss.uart_char_to_line_feed
                0x20000eb8        0x4 CMakeFiles/main.dir/C_/Users/USER/Documents/Pico-v1.5.1/pico-sdk/src/rp2_common/hardware_uart/uart.c.obj
                0x20000eb8                uart_char_to_line_feed
 .bss.uart_instance
                0x20000ebc        0x4 CMakeFiles/main.dir/C_/Users/USER/Documents/Pico-v1.5.1/pico-sdk/src/rp2_common/pico_stdio_uart/stdio_uart.c.obj
 .bss.claimed   0x20000ec0        0x1 CMakeFiles/main.dir/C_/Users/USER/Documents/Pico-v1.5.1/pico-sdk/src/rp2_common/hardware_timer/timer.c.obj
 .bss.irq_hander_chain_free_slot_head
                0x20000ec1        0x1 CMakeFiles/main.dir/C_/Users/USER/Documents/Pico-v1.5.1/pico-sdk/src/rp2_common/hardware_irq/irq.c.obj
 .bss.timer_callbacks_pending
                0x20000ec2        0x1 CMakeFiles/main.dir/C_/Users/USER/Documents/Pico-v1.5.1/pico-sdk/src/rp2_common/hardware_timer/timer.c.obj
 *(COMMON)
                0x20000ec4                . = ALIGN (0x4)
 *fill*         0x20000ec3        0x1 
                0x20000ec4                __bss_end__ = .

.heap           0x20000ec4      0x800
                0x20000ec4                __end__ = .
                0x20000ec4                end = __end__
 *(.heap*)
 .heap          0x20000ec4      0x800 CMakeFiles/main.dir/C_/Users/USER/Documents/Pico-v1.5.1/pico-sdk/src/rp2_common/pico_standard_link/crt0.S.obj
                0x200016c4                __HeapLimit = .

.stack1_dummy   0x20040000        0x0
 *(.stack1*)

.stack_dummy    0x20041000      0x800
 *(.stack*)
 .stack         0x20041000      0x800 CMakeFiles/main.dir/C_/Users/USER/Documents/Pico-v1.5.1/pico-sdk/src/rp2_common/pico_standard_link/crt0.S.obj

.flash_end      0x10005e04        0x0
                0x10005e04                PROVIDE (__flash_binary_end = .)
                0x20040000                __StackLimit = (ORIGIN (RAM) + LENGTH (RAM))
                0x20041000                __StackOneTop = (ORIGIN (SCRATCH_X) + LENGTH (SCRATCH_X))
                0x20042000                __StackTop = (ORIGIN (SCRATCH_Y) + LENGTH (SCRATCH_Y))
                0x20041000                __StackOneBottom = (__StackOneTop - SIZEOF (.stack1_dummy))
                0x20041800                __StackBottom = (__StackTop - SIZEOF (.stack_dummy))
                0x20042000                PROVIDE (__stack = __StackTop)
                0x00000001                ASSERT ((__StackLimit >= __HeapLimit), region RAM overflowed)
                0x00000001                ASSERT (((__binary_info_header_end - __logical_binary_start) <= 0x100), Binary info must be in first 256 bytes of the binary)
LOAD CMakeFiles/main.dir/main.c.obj
LOAD CMakeFiles/main.dir/C_/Users/USER/Documents/Pico-v1.5.1/pico-sdk/src/rp2_common/pico_stdlib/stdlib.c.obj
LOAD CMakeFiles/main.dir/C_/Users/USER/Documents/Pico-v1.5.1/pico-sdk/src/rp2_common/hardware_gpio/gpio.c.obj
LOAD CMakeFiles/main.dir/C_/Users/USER/Documents/Pico-v1.5.1/pico-sdk/src/rp2_common/pico_platform/platform.c.obj
LOAD CMakeFiles/main.dir/C_/Users/USER/Documents/Pico-v1.5.1/pico-sdk/src/rp2_common/hardware_claim/claim.c.obj
LOAD CMakeFiles/main.dir/C_/Users/USER/Documents/Pico-v1.5.1/pico-sdk/src/rp2_common/hardware_sync/sync.c.obj
LOAD CMakeFiles/main.dir/C_/Users/USER/Documents/Pico-v1.5.1/pico-sdk/src/rp2_common/hardware_irq/irq.c.obj
LOAD CMakeFiles/main.dir/C_/Users/USER/Documents/Pico-v1.5.1/pico-sdk/src/rp2_common/hardware_irq/irq_handler_chain.S.obj
LOAD CMakeFiles/main.dir/C_/Users/USER/Documents/Pico-v1.5.1/pico-sdk/src/common/pico_sync/sem.c.obj
LOAD CMakeFiles/main.dir/C_/Users/USER/Documents/Pico-v1.5.1/pico-sdk/src/common/pico_sync/lock_core.c.obj
LOAD CMakeFiles/main.dir/C_/Users/USER/Documents/Pico-v1.5.1/pico-sdk/src/common/pico_sync/mutex.c.obj
LOAD CMakeFiles/main.dir/C_/Users/USER/Documents/Pico-v1.5.1/pico-sdk/src/common/pico_sync/critical_section.c.obj
LOAD CMakeFiles/main.dir/C_/Users/USER/Documents/Pico-v1.5.1/pico-sdk/src/common/pico_time/time.c.obj
LOAD CMakeFiles/main.dir/C_/Users/USER/Documents/Pico-v1.5.1/pico-sdk/src/common/pico_time/timeout_helper.c.obj
LOAD CMakeFiles/main.dir/C_/Users/USER/Documents/Pico-v1.5.1/pico-sdk/src/rp2_common/hardware_timer/timer.c.obj
LOAD CMakeFiles/main.dir/C_/Users/USER/Documents/Pico-v1.5.1/pico-sdk/src/common/pico_util/datetime.c.obj
LOAD CMakeFiles/main.dir/C_/Users/USER/Documents/Pico-v1.5.1/pico-sdk/src/common/pico_util/pheap.c.obj
LOAD CMakeFiles/main.dir/C_/Users/USER/Documents/Pico-v1.5.1/pico-sdk/src/common/pico_util/queue.c.obj
LOAD CMakeFiles/main.dir/C_/Users/USER/Documents/Pico-v1.5.1/pico-sdk/src/rp2_common/hardware_uart/uart.c.obj
LOAD CMakeFiles/main.dir/C_/Users/USER/Documents/Pico-v1.5.1/pico-sdk/src/rp2_common/hardware_clocks/clocks.c.obj
LOAD CMakeFiles/main.dir/C_/Users/USER/Documents/Pico-v1.5.1/pico-sdk/src/rp2_common/hardware_pll/pll.c.obj
LOAD CMakeFiles/main.dir/C_/Users/USER/Documents/Pico-v1.5.1/pico-sdk/src/rp2_common/hardware_vreg/vreg.c.obj
LOAD CMakeFiles/main.dir/C_/Users/USER/Documents/Pico-v1.5.1/pico-sdk/src/rp2_common/hardware_watchdog/watchdog.c.obj
LOAD CMakeFiles/main.dir/C_/Users/USER/Documents/Pico-v1.5.1/pico-sdk/src/rp2_common/hardware_xosc/xosc.c.obj
LOAD CMakeFiles/main.dir/C_/Users/USER/Documents/Pico-v1.5.1/pico-sdk/src/rp2_common/hardware_divider/divider.S.obj
LOAD CMakeFiles/main.dir/C_/Users/USER/Documents/Pico-v1.5.1/pico-sdk/src/rp2_common/pico_runtime/runtime.c.obj
LOAD CMakeFiles/main.dir/C_/Users/USER/Documents/Pico-v1.5.1/pico-sdk/src/rp2_common/pico_printf/printf.c.obj
LOAD CMakeFiles/main.dir/C_/Users/USER/Documents/Pico-v1.5.1/pico-sdk/src/rp2_common/pico_bit_ops/bit_ops_aeabi.S.obj
LOAD CMakeFiles/main.dir/C_/Users/USER/Documents/Pico-v1.5.1/pico-sdk/src/rp2_common/pico_bootrom/bootrom.c.obj
LOAD CMakeFiles/main.dir/C_/Users/USER/Documents/Pico-v1.5.1/pico-sdk/src/rp2_common/pico_divider/divider.S.obj
LOAD CMakeFiles/main.dir/C_/Users/USER/Documents/Pico-v1.5.1/pico-sdk/src/rp2_common/pico_double/double_aeabi.S.obj
LOAD CMakeFiles/main.dir/C_/Users/USER/Documents/Pico-v1.5.1/pico-sdk/src/rp2_common/pico_double/double_init_rom.c.obj
LOAD CMakeFiles/main.dir/C_/Users/USER/Documents/Pico-v1.5.1/pico-sdk/src/rp2_common/pico_double/double_math.c.obj
LOAD CMakeFiles/main.dir/C_/Users/USER/Documents/Pico-v1.5.1/pico-sdk/src/rp2_common/pico_double/double_v1_rom_shim.S.obj
LOAD CMakeFiles/main.dir/C_/Users/USER/Documents/Pico-v1.5.1/pico-sdk/src/rp2_common/pico_int64_ops/pico_int64_ops_aeabi.S.obj
LOAD CMakeFiles/main.dir/C_/Users/USER/Documents/Pico-v1.5.1/pico-sdk/src/rp2_common/pico_float/float_aeabi.S.obj
LOAD CMakeFiles/main.dir/C_/Users/USER/Documents/Pico-v1.5.1/pico-sdk/src/rp2_common/pico_float/float_init_rom.c.obj
LOAD CMakeFiles/main.dir/C_/Users/USER/Documents/Pico-v1.5.1/pico-sdk/src/rp2_common/pico_float/float_math.c.obj
LOAD CMakeFiles/main.dir/C_/Users/USER/Documents/Pico-v1.5.1/pico-sdk/src/rp2_common/pico_float/float_v1_rom_shim.S.obj
LOAD CMakeFiles/main.dir/C_/Users/USER/Documents/Pico-v1.5.1/pico-sdk/src/rp2_common/pico_malloc/pico_malloc.c.obj
LOAD CMakeFiles/main.dir/C_/Users/USER/Documents/Pico-v1.5.1/pico-sdk/src/rp2_common/pico_mem_ops/mem_ops_aeabi.S.obj
LOAD CMakeFiles/main.dir/C_/Users/USER/Documents/Pico-v1.5.1/pico-sdk/src/rp2_common/pico_standard_link/crt0.S.obj
LOAD CMakeFiles/main.dir/C_/Users/USER/Documents/Pico-v1.5.1/pico-sdk/src/rp2_common/pico_standard_link/new_delete.cpp.obj
LOAD CMakeFiles/main.dir/C_/Users/USER/Documents/Pico-v1.5.1/pico-sdk/src/rp2_common/pico_standard_link/binary_info.c.obj
LOAD CMakeFiles/main.dir/C_/Users/USER/Documents/Pico-v1.5.1/pico-sdk/src/rp2_common/pico_stdio/stdio.c.obj
LOAD CMakeFiles/main.dir/C_/Users/USER/Documents/Pico-v1.5.1/pico-sdk/src/rp2_common/pico_stdio_uart/stdio_uart.c.obj
LOAD C:\Users\USER\AppData\Local\Temp\cc09uTPt.o
LOAD c:/progra~2/gnuarm~1/102021~1.10/bin/../lib/gcc/arm-none-eabi/10.3.1/../../../../arm-none-eabi/lib/thumb/v6-m/nofp\libstdc++.a
LOAD c:/progra~2/gnuarm~1/102021~1.10/bin/../lib/gcc/arm-none-eabi/10.3.1/../../../../arm-none-eabi/lib/thumb/v6-m/nofp\libm.a
START GROUP
LOAD c:/progra~2/gnuarm~1/102021~1.10/bin/../lib/gcc/arm-none-eabi/10.3.1/thumb/v6-m/nofp\libgcc.a
LOAD c:/progra~2/gnuarm~1/102021~1.10/bin/../lib/gcc/arm-none-eabi/10.3.1/../../../../arm-none-eabi/lib/thumb/v6-m/nofp\libc.a
END GROUP
START GROUP
LOAD c:/progra~2/gnuarm~1/102021~1.10/bin/../lib/gcc/arm-none-eabi/10.3.1/thumb/v6-m/nofp\libgcc.a
LOAD c:/progra~2/gnuarm~1/102021~1.10/bin/../lib/gcc/arm-none-eabi/10.3.1/../../../../arm-none-eabi/lib/thumb/v6-m/nofp\libc.a
LOAD c:/progra~2/gnuarm~1/102021~1.10/bin/../lib/gcc/arm-none-eabi/10.3.1/../../../../arm-none-eabi/lib/thumb/v6-m/nofp\libnosys.a
END GROUP
LOAD c:/progra~2/gnuarm~1/102021~1.10/bin/../lib/gcc/arm-none-eabi/10.3.1/thumb/v6-m/nofp/crtend.o
LOAD c:/progra~2/gnuarm~1/102021~1.10/bin/../lib/gcc/arm-none-eabi/10.3.1/thumb/v6-m/nofp/crtn.o
OUTPUT(main.elf elf32-littlearm)
LOAD linker stubs

.ARM.attributes
                0x00000000       0x28
 .ARM.attributes
                0x00000000       0x1e c:/progra~2/gnuarm~1/102021~1.10/bin/../lib/gcc/arm-none-eabi/10.3.1/thumb/v6-m/nofp/crti.o
 .ARM.attributes
                0x0000001e       0x2c c:/progra~2/gnuarm~1/102021~1.10/bin/../lib/gcc/arm-none-eabi/10.3.1/thumb/v6-m/nofp/crtbegin.o
 .ARM.attributes
                0x0000004a       0x2c CMakeFiles/main.dir/main.c.obj
 .ARM.attributes
                0x00000076       0x2c CMakeFiles/main.dir/C_/Users/USER/Documents/Pico-v1.5.1/pico-sdk/src/rp2_common/hardware_gpio/gpio.c.obj
 .ARM.attributes
                0x000000a2       0x2c CMakeFiles/main.dir/C_/Users/USER/Documents/Pico-v1.5.1/pico-sdk/src/rp2_common/pico_platform/platform.c.obj
 .ARM.attributes
                0x000000ce       0x2c CMakeFiles/main.dir/C_/Users/USER/Documents/Pico-v1.5.1/pico-sdk/src/rp2_common/hardware_claim/claim.c.obj
 .ARM.attributes
                0x000000fa       0x2c CMakeFiles/main.dir/C_/Users/USER/Documents/Pico-v1.5.1/pico-sdk/src/rp2_common/hardware_sync/sync.c.obj
 .ARM.attributes
                0x00000126       0x2c CMakeFiles/main.dir/C_/Users/USER/Documents/Pico-v1.5.1/pico-sdk/src/rp2_common/hardware_irq/irq.c.obj
 .ARM.attributes
                0x00000152       0x22 CMakeFiles/main.dir/C_/Users/USER/Documents/Pico-v1.5.1/pico-sdk/src/rp2_common/hardware_irq/irq_handler_chain.S.obj
 .ARM.attributes
                0x00000174       0x2c CMakeFiles/main.dir/C_/Users/USER/Documents/Pico-v1.5.1/pico-sdk/src/common/pico_sync/lock_core.c.obj
 .ARM.attributes
                0x000001a0       0x2c CMakeFiles/main.dir/C_/Users/USER/Documents/Pico-v1.5.1/pico-sdk/src/common/pico_sync/mutex.c.obj
 .ARM.attributes
                0x000001cc       0x2c CMakeFiles/main.dir/C_/Users/USER/Documents/Pico-v1.5.1/pico-sdk/src/common/pico_time/time.c.obj
 .ARM.attributes
                0x000001f8       0x2c CMakeFiles/main.dir/C_/Users/USER/Documents/Pico-v1.5.1/pico-sdk/src/rp2_common/hardware_timer/timer.c.obj
 .ARM.attributes
                0x00000224       0x2c CMakeFiles/main.dir/C_/Users/USER/Documents/Pico-v1.5.1/pico-sdk/src/common/pico_util/pheap.c.obj
 .ARM.attributes
                0x00000250       0x2c CMakeFiles/main.dir/C_/Users/USER/Documents/Pico-v1.5.1/pico-sdk/src/rp2_common/hardware_uart/uart.c.obj
 .ARM.attributes
                0x0000027c       0x2c CMakeFiles/main.dir/C_/Users/USER/Documents/Pico-v1.5.1/pico-sdk/src/rp2_common/hardware_clocks/clocks.c.obj
 .ARM.attributes
                0x000002a8       0x2c CMakeFiles/main.dir/C_/Users/USER/Documents/Pico-v1.5.1/pico-sdk/src/rp2_common/hardware_pll/pll.c.obj
 .ARM.attributes
                0x000002d4       0x2c CMakeFiles/main.dir/C_/Users/USER/Documents/Pico-v1.5.1/pico-sdk/src/rp2_common/hardware_watchdog/watchdog.c.obj
 .ARM.attributes
                0x00000300       0x2c CMakeFiles/main.dir/C_/Users/USER/Documents/Pico-v1.5.1/pico-sdk/src/rp2_common/hardware_xosc/xosc.c.obj
 .ARM.attributes
                0x0000032c       0x2c CMakeFiles/main.dir/C_/Users/USER/Documents/Pico-v1.5.1/pico-sdk/src/rp2_common/pico_runtime/runtime.c.obj
 .ARM.attributes
                0x00000358       0x2c CMakeFiles/main.dir/C_/Users/USER/Documents/Pico-v1.5.1/pico-sdk/src/rp2_common/pico_printf/printf.c.obj
 .ARM.attributes
                0x00000384       0x22 CMakeFiles/main.dir/C_/Users/USER/Documents/Pico-v1.5.1/pico-sdk/src/rp2_common/pico_bit_ops/bit_ops_aeabi.S.obj
 .ARM.attributes
                0x000003a6       0x2c CMakeFiles/main.dir/C_/Users/USER/Documents/Pico-v1.5.1/pico-sdk/src/rp2_common/pico_bootrom/bootrom.c.obj
 .ARM.attributes
                0x000003d2       0x22 CMakeFiles/main.dir/C_/Users/USER/Documents/Pico-v1.5.1/pico-sdk/src/rp2_common/pico_divider/divider.S.obj
 .ARM.attributes
                0x000003f4       0x22 CMakeFiles/main.dir/C_/Users/USER/Documents/Pico-v1.5.1/pico-sdk/src/rp2_common/pico_double/double_aeabi.S.obj
 .ARM.attributes
                0x00000416       0x2c CMakeFiles/main.dir/C_/Users/USER/Documents/Pico-v1.5.1/pico-sdk/src/rp2_common/pico_double/double_init_rom.c.obj
 .ARM.attributes
                0x00000442       0x22 CMakeFiles/main.dir/C_/Users/USER/Documents/Pico-v1.5.1/pico-sdk/src/rp2_common/pico_double/double_v1_rom_shim.S.obj
 .ARM.attributes
                0x00000464       0x22 CMakeFiles/main.dir/C_/Users/USER/Documents/Pico-v1.5.1/pico-sdk/src/rp2_common/pico_float/float_aeabi.S.obj
 .ARM.attributes
                0x00000486       0x2c CMakeFiles/main.dir/C_/Users/USER/Documents/Pico-v1.5.1/pico-sdk/src/rp2_common/pico_float/float_init_rom.c.obj
 .ARM.attributes
                0x000004b2       0x22 CMakeFiles/main.dir/C_/Users/USER/Documents/Pico-v1.5.1/pico-sdk/src/rp2_common/pico_float/float_v1_rom_shim.S.obj
 .ARM.attributes
                0x000004d4       0x22 CMakeFiles/main.dir/C_/Users/USER/Documents/Pico-v1.5.1/pico-sdk/src/rp2_common/pico_mem_ops/mem_ops_aeabi.S.obj
 .ARM.attributes
                0x000004f6       0x22 CMakeFiles/main.dir/C_/Users/USER/Documents/Pico-v1.5.1/pico-sdk/src/rp2_common/pico_standard_link/crt0.S.obj
 .ARM.attributes
                0x00000518       0x2c CMakeFiles/main.dir/C_/Users/USER/Documents/Pico-v1.5.1/pico-sdk/src/rp2_common/pico_standard_link/binary_info.c.obj
 .ARM.attributes
                0x00000544       0x2c CMakeFiles/main.dir/C_/Users/USER/Documents/Pico-v1.5.1/pico-sdk/src/rp2_common/pico_stdio/stdio.c.obj
 .ARM.attributes
                0x00000570       0x2c CMakeFiles/main.dir/C_/Users/USER/Documents/Pico-v1.5.1/pico-sdk/src/rp2_common/pico_stdio_uart/stdio_uart.c.obj
 .ARM.attributes
                0x0000059c       0x22 C:\Users\USER\AppData\Local\Temp\cc09uTPt.o
 .ARM.attributes
                0x000005be       0x1e c:/progra~2/gnuarm~1/102021~1.10/bin/../lib/gcc/arm-none-eabi/10.3.1/thumb/v6-m/nofp\libgcc.a(_dvmd_tls.o)
 .ARM.attributes
                0x000005dc       0x2c c:/progra~2/gnuarm~1/102021~1.10/bin/../lib/gcc/arm-none-eabi/10.3.1/../../../../arm-none-eabi/lib/thumb/v6-m/nofp\libc.a(lib_a-fflush.o)
 .ARM.attributes
                0x00000608       0x2c c:/progra~2/gnuarm~1/102021~1.10/bin/../lib/gcc/arm-none-eabi/10.3.1/../../../../arm-none-eabi/lib/thumb/v6-m/nofp\libc.a(lib_a-findfp.o)
 .ARM.attributes
                0x00000634       0x2c c:/progra~2/gnuarm~1/102021~1.10/bin/../lib/gcc/arm-none-eabi/10.3.1/../../../../arm-none-eabi/lib/thumb/v6-m/nofp\libc.a(lib_a-freer.o)
 .ARM.attributes
                0x00000660       0x2c c:/progra~2/gnuarm~1/102021~1.10/bin/../lib/gcc/arm-none-eabi/10.3.1/../../../../arm-none-eabi/lib/thumb/v6-m/nofp\libc.a(lib_a-fwalk.o)
 .ARM.attributes
                0x0000068c       0x2c c:/progra~2/gnuarm~1/102021~1.10/bin/../lib/gcc/arm-none-eabi/10.3.1/../../../../arm-none-eabi/lib/thumb/v6-m/nofp\libc.a(lib_a-impure.o)
 .ARM.attributes
                0x000006b8       0x2c c:/progra~2/gnuarm~1/102021~1.10/bin/../lib/gcc/arm-none-eabi/10.3.1/../../../../arm-none-eabi/lib/thumb/v6-m/nofp\libc.a(lib_a-lock.o)
 .ARM.attributes
                0x000006e4       0x2c c:/progra~2/gnuarm~1/102021~1.10/bin/../lib/gcc/arm-none-eabi/10.3.1/../../../../arm-none-eabi/lib/thumb/v6-m/nofp\libc.a(lib_a-mallocr.o)
 .ARM.attributes
                0x00000710       0x2c c:/progra~2/gnuarm~1/102021~1.10/bin/../lib/gcc/arm-none-eabi/10.3.1/../../../../arm-none-eabi/lib/thumb/v6-m/nofp\libc.a(lib_a-mlock.o)
 .ARM.attributes
                0x0000073c       0x2c c:/progra~2/gnuarm~1/102021~1.10/bin/../lib/gcc/arm-none-eabi/10.3.1/../../../../arm-none-eabi/lib/thumb/v6-m/nofp\libc.a(lib_a-sbrkr.o)
 .ARM.attributes
                0x00000768       0x2c c:/progra~2/gnuarm~1/102021~1.10/bin/../lib/gcc/arm-none-eabi/10.3.1/../../../../arm-none-eabi/lib/thumb/v6-m/nofp\libc.a(lib_a-stdio.o)
 .ARM.attributes
                0x00000794       0x2c c:/progra~2/gnuarm~1/102021~1.10/bin/../lib/gcc/arm-none-eabi/10.3.1/../../../../arm-none-eabi/lib/thumb/v6-m/nofp\libc.a(lib_a-strlen-stub.o)
 .ARM.attributes
                0x000007c0       0x2c c:/progra~2/gnuarm~1/102021~1.10/bin/../lib/gcc/arm-none-eabi/10.3.1/../../../../arm-none-eabi/lib/thumb/v6-m/nofp\libc.a(lib_a-writer.o)
 .ARM.attributes
                0x000007ec       0x2c c:/progra~2/gnuarm~1/102021~1.10/bin/../lib/gcc/arm-none-eabi/10.3.1/../../../../arm-none-eabi/lib/thumb/v6-m/nofp\libc.a(lib_a-closer.o)
 .ARM.attributes
                0x00000818       0x2c c:/progra~2/gnuarm~1/102021~1.10/bin/../lib/gcc/arm-none-eabi/10.3.1/../../../../arm-none-eabi/lib/thumb/v6-m/nofp\libc.a(lib_a-fclose.o)
 .ARM.attributes
                0x00000844       0x2c c:/progra~2/gnuarm~1/102021~1.10/bin/../lib/gcc/arm-none-eabi/10.3.1/../../../../arm-none-eabi/lib/thumb/v6-m/nofp\libc.a(lib_a-lseekr.o)
 .ARM.attributes
                0x00000870       0x2c c:/progra~2/gnuarm~1/102021~1.10/bin/../lib/gcc/arm-none-eabi/10.3.1/../../../../arm-none-eabi/lib/thumb/v6-m/nofp\libc.a(lib_a-readr.o)
 .ARM.attributes
                0x0000089c       0x2c c:/progra~2/gnuarm~1/102021~1.10/bin/../lib/gcc/arm-none-eabi/10.3.1/../../../../arm-none-eabi/lib/thumb/v6-m/nofp\libc.a(lib_a-reent.o)

.comment        0x00000000       0x49
 .comment       0x00000000       0x49 CMakeFiles/main.dir/main.c.obj
                                 0x4a (size before relaxing)
 .comment       0x00000049       0x4a CMakeFiles/main.dir/C_/Users/USER/Documents/Pico-v1.5.1/pico-sdk/src/rp2_common/hardware_gpio/gpio.c.obj
 .comment       0x00000049       0x4a CMakeFiles/main.dir/C_/Users/USER/Documents/Pico-v1.5.1/pico-sdk/src/rp2_common/pico_platform/platform.c.obj
 .comment       0x00000049       0x4a CMakeFiles/main.dir/C_/Users/USER/Documents/Pico-v1.5.1/pico-sdk/src/rp2_common/hardware_claim/claim.c.obj
 .comment       0x00000049       0x4a CMakeFiles/main.dir/C_/Users/USER/Documents/Pico-v1.5.1/pico-sdk/src/rp2_common/hardware_sync/sync.c.obj
 .comment       0x00000049       0x4a CMakeFiles/main.dir/C_/Users/USER/Documents/Pico-v1.5.1/pico-sdk/src/rp2_common/hardware_irq/irq.c.obj
 .comment       0x00000049       0x4a CMakeFiles/main.dir/C_/Users/USER/Documents/Pico-v1.5.1/pico-sdk/src/common/pico_sync/lock_core.c.obj
 .comment       0x00000049       0x4a CMakeFiles/main.dir/C_/Users/USER/Documents/Pico-v1.5.1/pico-sdk/src/common/pico_sync/mutex.c.obj
 .comment       0x00000049       0x4a CMakeFiles/main.dir/C_/Users/USER/Documents/Pico-v1.5.1/pico-sdk/src/common/pico_time/time.c.obj
 .comment       0x00000049       0x4a CMakeFiles/main.dir/C_/Users/USER/Documents/Pico-v1.5.1/pico-sdk/src/rp2_common/hardware_timer/timer.c.obj
 .comment       0x00000049       0x4a CMakeFiles/main.dir/C_/Users/USER/Documents/Pico-v1.5.1/pico-sdk/src/common/pico_util/pheap.c.obj
 .comment       0x00000049       0x4a CMakeFiles/main.dir/C_/Users/USER/Documents/Pico-v1.5.1/pico-sdk/src/rp2_common/hardware_uart/uart.c.obj
 .comment       0x00000049       0x4a CMakeFiles/main.dir/C_/Users/USER/Documents/Pico-v1.5.1/pico-sdk/src/rp2_common/hardware_clocks/clocks.c.obj
 .comment       0x00000049       0x4a CMakeFiles/main.dir/C_/Users/USER/Documents/Pico-v1.5.1/pico-sdk/src/rp2_common/hardware_pll/pll.c.obj
 .comment       0x00000049       0x4a CMakeFiles/main.dir/C_/Users/USER/Documents/Pico-v1.5.1/pico-sdk/src/rp2_common/hardware_watchdog/watchdog.c.obj
 .comment       0x00000049       0x4a CMakeFiles/main.dir/C_/Users/USER/Documents/Pico-v1.5.1/pico-sdk/src/rp2_common/hardware_xosc/xosc.c.obj
 .comment       0x00000049       0x4a CMakeFiles/main.dir/C_/Users/USER/Documents/Pico-v1.5.1/pico-sdk/src/rp2_common/pico_runtime/runtime.c.obj
 .comment       0x00000049       0x4a CMakeFiles/main.dir/C_/Users/USER/Documents/Pico-v1.5.1/pico-sdk/src/rp2_common/pico_printf/printf.c.obj
 .comment       0x00000049       0x4a CMakeFiles/main.dir/C_/Users/USER/Documents/Pico-v1.5.1/pico-sdk/src/rp2_common/pico_bootrom/bootrom.c.obj
 .comment       0x00000049       0x4a CMakeFiles/main.dir/C_/Users/USER/Documents/Pico-v1.5.1/pico-sdk/src/rp2_common/pico_double/double_init_rom.c.obj
 .comment       0x00000049       0x4a CMakeFiles/main.dir/C_/Users/USER/Documents/Pico-v1.5.1/pico-sdk/src/rp2_common/pico_float/float_init_rom.c.obj
 .comment       0x00000049       0x4a CMakeFiles/main.dir/C_/Users/USER/Documents/Pico-v1.5.1/pico-sdk/src/rp2_common/pico_standard_link/binary_info.c.obj
 .comment       0x00000049       0x4a CMakeFiles/main.dir/C_/Users/USER/Documents/Pico-v1.5.1/pico-sdk/src/rp2_common/pico_stdio/stdio.c.obj
 .comment       0x00000049       0x4a CMakeFiles/main.dir/C_/Users/USER/Documents/Pico-v1.5.1/pico-sdk/src/rp2_common/pico_stdio_uart/stdio_uart.c.obj

.debug_frame    0x00000000      0x5e4
 .debug_frame   0x00000000       0x6c c:/progra~2/gnuarm~1/102021~1.10/bin/../lib/gcc/arm-none-eabi/10.3.1/../../../../arm-none-eabi/lib/thumb/v6-m/nofp\libc.a(lib_a-fflush.o)
 .debug_frame   0x0000006c      0x170 c:/progra~2/gnuarm~1/102021~1.10/bin/../lib/gcc/arm-none-eabi/10.3.1/../../../../arm-none-eabi/lib/thumb/v6-m/nofp\libc.a(lib_a-findfp.o)
 .debug_frame   0x000001dc       0x54 c:/progra~2/gnuarm~1/102021~1.10/bin/../lib/gcc/arm-none-eabi/10.3.1/../../../../arm-none-eabi/lib/thumb/v6-m/nofp\libc.a(lib_a-freer.o)
 .debug_frame   0x00000230       0x5c c:/progra~2/gnuarm~1/102021~1.10/bin/../lib/gcc/arm-none-eabi/10.3.1/../../../../arm-none-eabi/lib/thumb/v6-m/nofp\libc.a(lib_a-fwalk.o)
 .debug_frame   0x0000028c       0xb0 c:/progra~2/gnuarm~1/102021~1.10/bin/../lib/gcc/arm-none-eabi/10.3.1/../../../../arm-none-eabi/lib/thumb/v6-m/nofp\libc.a(lib_a-lock.o)
 .debug_frame   0x0000033c       0x3c c:/progra~2/gnuarm~1/102021~1.10/bin/../lib/gcc/arm-none-eabi/10.3.1/../../../../arm-none-eabi/lib/thumb/v6-m/nofp\libc.a(lib_a-mallocr.o)
 .debug_frame   0x00000378       0x40 c:/progra~2/gnuarm~1/102021~1.10/bin/../lib/gcc/arm-none-eabi/10.3.1/../../../../arm-none-eabi/lib/thumb/v6-m/nofp\libc.a(lib_a-mlock.o)
 .debug_frame   0x000003b8       0x2c c:/progra~2/gnuarm~1/102021~1.10/bin/../lib/gcc/arm-none-eabi/10.3.1/../../../../arm-none-eabi/lib/thumb/v6-m/nofp\libc.a(lib_a-sbrkr.o)
 .debug_frame   0x000003e4       0x90 c:/progra~2/gnuarm~1/102021~1.10/bin/../lib/gcc/arm-none-eabi/10.3.1/../../../../arm-none-eabi/lib/thumb/v6-m/nofp\libc.a(lib_a-stdio.o)
 .debug_frame   0x00000474       0x28 c:/progra~2/gnuarm~1/102021~1.10/bin/../lib/gcc/arm-none-eabi/10.3.1/../../../../arm-none-eabi/lib/thumb/v6-m/nofp\libc.a(lib_a-strlen-stub.o)
 .debug_frame   0x0000049c       0x2c c:/progra~2/gnuarm~1/102021~1.10/bin/../lib/gcc/arm-none-eabi/10.3.1/../../../../arm-none-eabi/lib/thumb/v6-m/nofp\libc.a(lib_a-writer.o)
 .debug_frame   0x000004c8       0x2c c:/progra~2/gnuarm~1/102021~1.10/bin/../lib/gcc/arm-none-eabi/10.3.1/../../../../arm-none-eabi/lib/thumb/v6-m/nofp\libc.a(lib_a-closer.o)
 .debug_frame   0x000004f4       0x48 c:/progra~2/gnuarm~1/102021~1.10/bin/../lib/gcc/arm-none-eabi/10.3.1/../../../../arm-none-eabi/lib/thumb/v6-m/nofp\libc.a(lib_a-fclose.o)
 .debug_frame   0x0000053c       0x2c c:/progra~2/gnuarm~1/102021~1.10/bin/../lib/gcc/arm-none-eabi/10.3.1/../../../../arm-none-eabi/lib/thumb/v6-m/nofp\libc.a(lib_a-lseekr.o)
 .debug_frame   0x00000568       0x2c c:/progra~2/gnuarm~1/102021~1.10/bin/../lib/gcc/arm-none-eabi/10.3.1/../../../../arm-none-eabi/lib/thumb/v6-m/nofp\libc.a(lib_a-readr.o)
 .debug_frame   0x00000594       0x50 c:/progra~2/gnuarm~1/102021~1.10/bin/../lib/gcc/arm-none-eabi/10.3.1/../../../../arm-none-eabi/lib/thumb/v6-m/nofp\libc.a(lib_a-reent.o)
